Archive member included because of file (symbol)

C:\Program Files (x86)\VEX Robotics\VEXcode V5 Text\sdk/vexv5\libv5rt.a(v5_startup.c.obj)
                              (vexStartup)
C:\Program Files (x86)\VEX Robotics\VEXcode V5 Text\sdk/vexv5\libv5rt.a(v5_util.c.obj)
                              C:\Program Files (x86)\VEX Robotics\VEXcode V5 Text\sdk/vexv5\libv5rt.a(v5_startup.c.obj) (vexStdlibVersionLinked)
C:\Program Files (x86)\VEX Robotics\VEXcode V5 Text\sdk/vexv5\libv5rt.a(v5_apijump.c.obj)
                              C:\Program Files (x86)\VEX Robotics\VEXcode V5 Text\sdk/vexv5\libv5rt.a(v5_startup.c.obj) (vexPrivateApiEnable)
C:\Program Files (x86)\VEX Robotics\VEXcode V5 Text\sdk/vexv5\libv5rt.a(v5_apiversions.c.obj)
                              C:\Program Files (x86)\VEX Robotics\VEXcode V5 Text\sdk/vexv5\libv5rt.a(v5_apijump.c.obj) (vexSystemVersion)
C:\Program Files (x86)\VEX Robotics\VEXcode V5 Text\sdk/vexv5\libv5rt.a(vex_global.cpp.obj)
                              build/src/main.o (vex::wait(double, vex::timeUnits))
C:\Program Files (x86)\VEX Robotics\VEXcode V5 Text\sdk/vexv5\libv5rt.a(vex_motor.cpp.obj)
                              build/src/main.o (vex::motor::~motor())
C:\Program Files (x86)\VEX Robotics\VEXcode V5 Text\sdk/vexv5\libv5rt.a(vex_imu.cpp.obj)
                              build/src/main.o (vex::inertial::rotation(vex::rotationUnits))
C:\Program Files (x86)\VEX Robotics\VEXcode V5 Text\sdk/vexv5\libv5rt.a(vex_controller.cpp.obj)
                              build/src/main.o (vex::controller::~controller())
C:\Program Files (x86)\VEX Robotics\VEXcode V5 Text\sdk/vexv5\libv5rt.a(vex_task.cpp.obj)
                              build/src/main.o (vex::task::sleep(unsigned long))
C:\Program Files (x86)\VEX Robotics\VEXcode V5 Text\sdk/vexv5\libv5rt.a(vex_thread.cpp.obj)
                              C:\Program Files (x86)\VEX Robotics\VEXcode V5 Text\sdk/vexv5\libv5rt.a(vex_global.cpp.obj) (vex::this_thread::sleep_for(unsigned long))
C:\Program Files (x86)\VEX Robotics\VEXcode V5 Text\sdk/vexv5\libv5rt.a(vex_event.cpp.obj)
                              C:\Program Files (x86)\VEX Robotics\VEXcode V5 Text\sdk/vexv5\libv5rt.a(vex_imu.cpp.obj) (vex::event::init(unsigned long, unsigned long, void (*)()))
C:\Program Files (x86)\VEX Robotics\VEXcode V5 Text\sdk/vexv5\libv5rt.a(vex_mevent.cpp.obj)
                              C:\Program Files (x86)\VEX Robotics\VEXcode V5 Text\sdk/vexv5\libv5rt.a(vex_controller.cpp.obj) (vex::mevent::mevent(unsigned long, unsigned long))
C:\Program Files (x86)\VEX Robotics\VEXcode V5 Text\sdk/vexv5\libv5rt.a(vex_brain.cpp.obj)
                              build/src/main.o (vex::brain::~brain())
C:\Program Files (x86)\VEX Robotics\VEXcode V5 Text\sdk/vexv5\libv5rt.a(vex_competition.cpp.obj)
                              build/src/main.o (vex::competition::competition())
C:\Program Files (x86)\VEX Robotics\VEXcode V5 Text\sdk/vexv5\libv5rt.a(vex_triport.cpp.obj)
                              C:\Program Files (x86)\VEX Robotics\VEXcode V5 Text\sdk/vexv5\libv5rt.a(vex_brain.cpp.obj) (vex::triport::~triport())
C:\Program Files (x86)\VEX Robotics\VEXcode V5 Text\sdk/vexv5\libv5rt.a(vex_color.cpp.obj)
                              C:\Program Files (x86)\VEX Robotics\VEXcode V5 Text\sdk/vexv5\libv5rt.a(vex_brain.cpp.obj) (vex::color::operator unsigned long() const)
C:\Program Files (x86)\VEX Robotics\VEXcode V5 Text\sdk/vexv5\libv5rt.a(vex_timer.cpp.obj)
                              C:\Program Files (x86)\VEX Robotics\VEXcode V5 Text\sdk/vexv5\libv5rt.a(vex_brain.cpp.obj) (vex::timer::~timer())
C:\Program Files (x86)\VEX Robotics\VEXcode V5 Text\sdk/vexv5\libv5rt.a(vex_motorgroup.cpp.obj)
                              build/src/main.o (vex::motor_group::motor_group())
C:\Program Files (x86)\VEX Robotics\VEXcode V5 Text\sdk/vexv5\libv5rt.a(vex_drivetrain.cpp.obj)
                              build/src/main.o (vex::drivetrain::driveFor(vex::directionType, double, vex::distanceUnits, bool))
C:\Program Files (x86)\VEX Robotics\VEXcode V5 Text\sdk/vexv5\libv5rt.a(vex_smartdrive.cpp.obj)
                              build/src/main.o (vex::smartdrive::smartdrive(vex::motor_group&, vex::motor_group&, vex::inertial&, double, double, double, vex::distanceUnits, double))
C:\Program Files (x86)\VEX Robotics\VEXcode V5 Text\sdk/vexv5\libv5rt.a(v5_apiuser.c.obj)
                              C:\Program Files (x86)\VEX Robotics\VEXcode V5 Text\sdk/vexv5\libv5rt.a(vex_triport.cpp.obj) (vexAdiPortConfigSet)
C:\Program Files (x86)\VEX Robotics\VEXcode V5 Text\sdk/vexv5\libv5rt.a(vex_device.cpp.obj)
                              C:\Program Files (x86)\VEX Robotics\VEXcode V5 Text\sdk/vexv5\libv5rt.a(vex_triport.cpp.obj) (vex::device::value())
C:\Program Files (x86)\VEX Robotics\VEXcode V5 Text\sdk/vexv5/gcc/libs\libc.a(lib_a-aeabi_memclr.o)
                              build/src/MiniPID.o (__aeabi_memclr8)
[...]
Memory Configuration

Name             Origin             Length             Attributes
ps7_ddr_0_S_AXI_BASEADDR 0x03800000         0x04800000
*default*        0x00000000         0xffffffff

Linker script and memory map

                0x00002000                _STACK_SIZE = DEFINED (_STACK_SIZE)?_STACK_SIZE:0x2000
                0x00100000                _HEAP_SIZE = DEFINED (_HEAP_SIZE)?_HEAP_SIZE:0x100000
                0x00000400                _ABORT_STACK_SIZE = DEFINED (_ABORT_STACK_SIZE)?_ABORT_STACK_SIZE:0x400
                0x00000800                _SUPERVISOR_STACK_SIZE = DEFINED (_SUPERVISOR_STACK_SIZE)?_SUPERVISOR_STACK_SIZE:0x800
                0x00000400                _IRQ_STACK_SIZE = DEFINED (_IRQ_STACK_SIZE)?_IRQ_STACK_SIZE:0x400
                0x00000400                _FIQ_STACK_SIZE = DEFINED (_FIQ_STACK_SIZE)?_FIQ_STACK_SIZE:0x400
                0x00000400                _UNDEF_STACK_SIZE = DEFINED (_UNDEF_STACK_SIZE)?_UNDEF_STACK_SIZE:0x400

.text           0x03800000     0x51b0
 *(.vectors)
 *(.boot_data)
 .boot_data     0x03800000       0x20 C:\Program Files (x86)\VEX Robotics\VEXcode V5 Text\sdk/vexv5\libv5rt.a(v5_startup.c.obj)
                0x03800000                vexCodeSig
                0x00000020                . = 0x20
 *(.boot)
 .boot          0x03800020       0xbc C:\Program Files (x86)\VEX Robotics\VEXcode V5 Text\sdk/vexv5\libv5rt.a(v5_startup.c.obj)
                0x03800020                vexStartup
                0x03800100                . = ALIGN (0x40)
 *fill*         0x038000dc       0x24 
 *(.freertos_vectors)
 *(.text)
 *(.text.*)
 .text._ZN10ROBOT_BASE9tankDriveEd
                0x03800100      0x108 build/src/main.o
                0x03800100                ROBOT_BASE::tankDrive(double)
 .text._ZN10ROBOT_BASE7RCDriveEd
                0x03800208      0x1a4 build/src/main.o
                0x03800208                ROBOT_BASE::RCDrive(double)
 .text._ZN10ROBOT_BASE5resetEv
                0x038003ac       0x68 build/src/main.o
                0x038003ac                ROBOT_BASE::reset()
 *fill*         0x03800414        0x4 
 .text._ZN9ACCESS_OSC2Ev
                0x03800418      0x190 build/src/main.o
                0x03800418                ACCESS_OS::ACCESS_OS()
                0x03800418                ACCESS_OS::ACCESS_OS()
 .text._ZN9ACCESS_OS13keyPressedRawEv
                0x038005a8      0x12c build/src/main.o
                0x038005a8                ACCESS_OS::keyPressedRaw()
 .text._ZN9ACCESS_OS10keyPressedEv
                0x038006d4       0x2c build/src/main.o
                0x038006d4                ACCESS_OS::keyPressed()
 .text._ZN9ACCESS_OS10currStatusEv
                0x03800700       0x60 build/src/main.o
                0x03800700                ACCESS_OS::currStatus()
 .text._ZN9ACCESS_OS9clearLineEi
                0x03800760       0x54 build/src/main.o
                0x03800760                ACCESS_OS::clearLine(int)
 .text._ZN9ACCESS_OS5printESsii
                0x038007b4       0x5c build/src/main.o
                0x038007b4                ACCESS_OS::print(std::string, int, int)
 .text._ZN9ACCESS_OS8selectorEi
                0x03800810       0x8c build/src/main.o
                0x03800810                ACCESS_OS::selector(int)
 .text._ZN9ACCESS_OS11displayMenuEiPi
                0x0380089c      0x154 build/src/main.o
                0x0380089c                ACCESS_OS::displayMenu(int, int*)
 .text._ZN9ACCESS_OS15notificationHUDESs
                0x038009f0       0x80 build/src/main.o
                0x038009f0                ACCESS_OS::notificationHUD(std::string)
 .text._ZN9ACCESS_OS9statusHUDEv
                0x03800a70      0x25c build/src/main.o
                0x03800a70                ACCESS_OS::statusHUD()
 .text._ZN9ACCESS_OS10menuCONFIGEv
                0x03800ccc       0xdc build/src/main.o
                0x03800ccc                ACCESS_OS::menuCONFIG()
 .text._ZN9ACCESS_OSD2Ev
                0x03800da8       0x58 build/src/main.o
                0x03800da8                ACCESS_OS::~ACCESS_OS()
 .text._Z7flipOutv
                0x03800e00      0x148 build/src/main.o
                0x03800e00                flipOut()
 .text._Z11deployStackv
                0x03800f48       0xc8 build/src/main.o
                0x03800f48                deployStack()
 .text._Z11driverScorev
                0x03801010      0x238 build/src/main.o
                0x03801010                driverScore()
 .text._Z9pre_autonv
                0x03801248       0x84 build/src/main.o
                0x03801248                pre_auton()
 .text._Z10autonomousv
                0x038012cc       0x88 build/src/main.o
                0x038012cc                autonomous()
 *fill*         0x03801354        0x4 
 .text._Z11usercontrolv
                0x03801358       0x70 build/src/main.o
                0x03801358                usercontrol()
 .text.main     0x038013c8       0x70 build/src/main.o
                0x038013c8                main
 .text._GLOBAL__sub_I_main.cpp
                0x03801438      0x3f4 build/src/main.o
 .text.vexMain  0x0380182c       0xb0 C:\Program Files (x86)\VEX Robotics\VEXcode V5 Text\sdk/vexv5\libv5rt.a(v5_startup.c.obj)
                0x0380182c                vexMain
 .text.__vex_function_prolog
                0x038018dc       0x18 C:\Program Files (x86)\VEX Robotics\VEXcode V5 Text\sdk/vexv5\libv5rt.a(v5_startup.c.obj)
                0x038018dc                __vex_function_prolog
 .text._init    0x038018f4        0x4 C:\Program Files (x86)\VEX Robotics\VEXcode V5 Text\sdk/vexv5\libv5rt.a(v5_startup.c.obj)
                0x038018f4                _init
 .text._fini    0x038018f8        0x4 C:\Program Files (x86)\VEX Robotics\VEXcode V5 Text\sdk/vexv5\libv5rt.a(v5_startup.c.obj)
                0x038018f8                _fini
 .text.vexStdlibVersionLinked
                0x038018fc        0xc C:\Program Files (x86)\VEX Robotics\VEXcode V5 Text\sdk/vexv5\libv5rt.a(v5_util.c.obj)
                0x038018fc                vexStdlibVersionLinked
 .text.vexStdlibVersionVerify
                0x03801908       0x30 C:\Program Files (x86)\VEX Robotics\VEXcode V5 Text\sdk/vexv5\libv5rt.a(v5_util.c.obj)
                0x03801908                vexStdlibVersionVerify
 .text.vexPrivateApiEnable
                0x03801938       0x10 C:\Program Files (x86)\VEX Robotics\VEXcode V5 Text\sdk/vexv5\libv5rt.a(v5_apijump.c.obj)
                0x03801938                vexPrivateApiEnable
 .text.vexStdlibMismatchError
                0x03801948       0x3c C:\Program Files (x86)\VEX Robotics\VEXcode V5 Text\sdk/vexv5\libv5rt.a(v5_apijump.c.obj)
                0x03801948                vexStdlibMismatchError
 .text.vexTaskAdd
                0x03801984       0x10 C:\Program Files (x86)\VEX Robotics\VEXcode V5 Text\sdk/vexv5\libv5rt.a(v5_apijump.c.obj)
                0x03801984                vexTaskAdd
 .text.vexTaskStop
                0x03801994       0x10 C:\Program Files (x86)\VEX Robotics\VEXcode V5 Text\sdk/vexv5\libv5rt.a(v5_apijump.c.obj)
                0x03801994                vexTaskStop
 .text.vexTasksRun
                0x038019a4       0x10 C:\Program Files (x86)\VEX Robotics\VEXcode V5 Text\sdk/vexv5\libv5rt.a(v5_apijump.c.obj)
                0x038019a4                vexTasksRun
 .text.vexTaskYield
                0x038019b4       0x10 C:\Program Files (x86)\VEX Robotics\VEXcode V5 Text\sdk/vexv5\libv5rt.a(v5_apijump.c.obj)
                0x038019b4                vexTaskYield
 .text.vexTaskCheckTimeslice
                0x038019c4       0x10 C:\Program Files (x86)\VEX Robotics\VEXcode V5 Text\sdk/vexv5\libv5rt.a(v5_apijump.c.obj)
                0x038019c4                vexTaskCheckTimeslice
 .text.vexTaskSleep
                0x038019d4       0x10 C:\Program Files (x86)\VEX Robotics\VEXcode V5 Text\sdk/vexv5\libv5rt.a(v5_apijump.c.obj)
                0x038019d4                vexTaskSleep
 .text.vexTasksDump
                0x038019e4       0x1c C:\Program Files (x86)\VEX Robotics\VEXcode V5 Text\sdk/vexv5\libv5rt.a(v5_apijump.c.obj)
                0x038019e4                vexTasksDump
 .text.vexTaskStateGet
                0x03801a00       0x10 C:\Program Files (x86)\VEX Robotics\VEXcode V5 Text\sdk/vexv5\libv5rt.a(v5_apijump.c.obj)
                0x03801a00                vexTaskStateGet
 .text.vexTaskGetTaskIndex
                0x03801a10       0x10 C:\Program Files (x86)\VEX Robotics\VEXcode V5 Text\sdk/vexv5\libv5rt.a(v5_apijump.c.obj)
                0x03801a10                vexTaskGetTaskIndex
 .text.vexTaskStopAll
                0x03801a20       0x10 C:\Program Files (x86)\VEX Robotics\VEXcode V5 Text\sdk/vexv5\libv5rt.a(v5_apijump.c.obj)
                0x03801a20                vexTaskStopAll
 .text.vexTaskRemoveAllUser
                0x03801a30       0x34 C:\Program Files (x86)\VEX Robotics\VEXcode V5 Text\sdk/vexv5\libv5rt.a(v5_apijump.c.obj)
                0x03801a30                vexTaskRemoveAllUser
 .text.vexTaskCompletionIdSet
                0x03801a64       0x10 C:\Program Files (x86)\VEX Robotics\VEXcode V5 Text\sdk/vexv5\libv5rt.a(v5_apijump.c.obj)
                0x03801a64                vexTaskCompletionIdSet
 .text.vexTaskAddWithArg
                0x03801a74       0x10 C:\Program Files (x86)\VEX Robotics\VEXcode V5 Text\sdk/vexv5\libv5rt.a(v5_apijump.c.obj)
                0x03801a74                vexTaskAddWithArg
 .text.vexTaskStopWithId
                0x03801a84       0x10 C:\Program Files (x86)\VEX Robotics\VEXcode V5 Text\sdk/vexv5\libv5rt.a(v5_apijump.c.obj)
                0x03801a84                vexTaskStopWithId
 .text.vexCriticalSection
                0x03801a94       0x2c C:\Program Files (x86)\VEX Robotics\VEXcode V5 Text\sdk/vexv5\libv5rt.a(v5_apijump.c.obj)
                0x03801a94                vexCriticalSection
 .text.vexEventAdd
                0x03801ac0       0x34 C:\Program Files (x86)\VEX Robotics\VEXcode V5 Text\sdk/vexv5\libv5rt.a(v5_apijump.c.obj)
                0x03801ac0                vexEventAdd
 .text.vexEventUserIndexGet
                0x03801af4       0x1c C:\Program Files (x86)\VEX Robotics\VEXcode V5 Text\sdk/vexv5\libv5rt.a(v5_apijump.c.obj)
                0x03801af4                vexEventUserIndexGet
 .text.vexEventAddWithArg
                0x03801b10       0x3c C:\Program Files (x86)\VEX Robotics\VEXcode V5 Text\sdk/vexv5\libv5rt.a(v5_apijump.c.obj)
                0x03801b10                vexEventAddWithArg
 .text.vexEventsCleanup
                0x03801b4c       0x2c C:\Program Files (x86)\VEX Robotics\VEXcode V5 Text\sdk/vexv5\libv5rt.a(v5_apijump.c.obj)
                0x03801b4c                vexEventsCleanup
 .text.vexDebug
                0x03801b78       0x38 C:\Program Files (x86)\VEX Robotics\VEXcode V5 Text\sdk/vexv5\libv5rt.a(v5_apijump.c.obj)
                0x03801b78                vexDebug
 .text.vex_sprintf
                0x03801bb0       0x40 C:\Program Files (x86)\VEX Robotics\VEXcode V5 Text\sdk/vexv5\libv5rt.a(v5_apijump.c.obj)
                0x03801bb0                vex_sprintf
 .text.vex_vsnprintf
                0x03801bf0       0x3c C:\Program Files (x86)\VEX Robotics\VEXcode V5 Text\sdk/vexv5\libv5rt.a(v5_apijump.c.obj)
                0x03801bf0                vex_vsnprintf
 .text.vexSystemTimeGet
                0x03801c2c       0x1c C:\Program Files (x86)\VEX Robotics\VEXcode V5 Text\sdk/vexv5\libv5rt.a(v5_apijump.c.obj)
                0x03801c2c                vexSystemTimeGet
 .text.vexSystemExitRequest
                0x03801c48       0x1c C:\Program Files (x86)\VEX Robotics\VEXcode V5 Text\sdk/vexv5\libv5rt.a(v5_apijump.c.obj)
                0x03801c48                vexSystemExitRequest
 .text.vexDeviceGetByIndex
                0x03801c64       0x24 C:\Program Files (x86)\VEX Robotics\VEXcode V5 Text\sdk/vexv5\libv5rt.a(v5_apijump.c.obj)
                0x03801c64                vexDeviceGetByIndex
 .text.vexControllerGet
                0x03801c88       0x2c C:\Program Files (x86)\VEX Robotics\VEXcode V5 Text\sdk/vexv5\libv5rt.a(v5_apijump.c.obj)
                0x03801c88                vexControllerGet
 .text.vexControllerTextSet
                0x03801cb4       0x74 C:\Program Files (x86)\VEX Robotics\VEXcode V5 Text\sdk/vexv5\libv5rt.a(v5_apijump.c.obj)
                0x03801cb4                vexControllerTextSet
 .text.vexDeviceAdiPortConfigSet
                0x03801d28       0x34 C:\Program Files (x86)\VEX Robotics\VEXcode V5 Text\sdk/vexv5\libv5rt.a(v5_apijump.c.obj)
                0x03801d28                vexDeviceAdiPortConfigSet
 .text.vexDeviceAdiPortConfigGet
                0x03801d5c       0x2c C:\Program Files (x86)\VEX Robotics\VEXcode V5 Text\sdk/vexv5\libv5rt.a(v5_apijump.c.obj)
                0x03801d5c                vexDeviceAdiPortConfigGet
 .text.vexDeviceAdiValueGet
                0x03801d88       0x2c C:\Program Files (x86)\VEX Robotics\VEXcode V5 Text\sdk/vexv5\libv5rt.a(v5_apijump.c.obj)
                0x03801d88                vexDeviceAdiValueGet
 .text.vexDeviceMotorVelocitySet
                0x03801db4       0x2c C:\Program Files (x86)\VEX Robotics\VEXcode V5 Text\sdk/vexv5\libv5rt.a(v5_apijump.c.obj)
                0x03801db4                vexDeviceMotorVelocitySet
 .text.vexDeviceMotorActualVelocityGet
                0x03801de0       0x24 C:\Program Files (x86)\VEX Robotics\VEXcode V5 Text\sdk/vexv5\libv5rt.a(v5_apijump.c.obj)
                0x03801de0                vexDeviceMotorActualVelocityGet
 .text.vexDeviceMotorZeroPositionFlagGet
                0x03801e04       0x24 C:\Program Files (x86)\VEX Robotics\VEXcode V5 Text\sdk/vexv5\libv5rt.a(v5_apijump.c.obj)
                0x03801e04                vexDeviceMotorZeroPositionFlagGet
 .text.vexDeviceMotorReverseFlagSet
                0x03801e28       0x2c C:\Program Files (x86)\VEX Robotics\VEXcode V5 Text\sdk/vexv5\libv5rt.a(v5_apijump.c.obj)
                0x03801e28                vexDeviceMotorReverseFlagSet
 .text.vexDeviceMotorEncoderUnitsSet
                0x03801e54       0x2c C:\Program Files (x86)\VEX Robotics\VEXcode V5 Text\sdk/vexv5\libv5rt.a(v5_apijump.c.obj)
                0x03801e54                vexDeviceMotorEncoderUnitsSet
 .text.vexDeviceMotorBrakeModeSet
                0x03801e80       0x2c C:\Program Files (x86)\VEX Robotics\VEXcode V5 Text\sdk/vexv5\libv5rt.a(v5_apijump.c.obj)
                0x03801e80                vexDeviceMotorBrakeModeSet
 .text.vexDeviceMotorPositionSet
                0x03801eac       0x34 C:\Program Files (x86)\VEX Robotics\VEXcode V5 Text\sdk/vexv5\libv5rt.a(v5_apijump.c.obj)
                0x03801eac                vexDeviceMotorPositionSet
 .text.vexDeviceMotorRelativeTargetSet
                0x03801ee0       0x3c C:\Program Files (x86)\VEX Robotics\VEXcode V5 Text\sdk/vexv5\libv5rt.a(v5_apijump.c.obj)
                0x03801ee0                vexDeviceMotorRelativeTargetSet
 .text.vexDeviceMotorGearingSet
                0x03801f1c       0x2c C:\Program Files (x86)\VEX Robotics\VEXcode V5 Text\sdk/vexv5\libv5rt.a(v5_apijump.c.obj)
                0x03801f1c                vexDeviceMotorGearingSet
 .text.vexDeviceMotorGearingGet
                0x03801f48       0x24 C:\Program Files (x86)\VEX Robotics\VEXcode V5 Text\sdk/vexv5\libv5rt.a(v5_apijump.c.obj)
                0x03801f48                vexDeviceMotorGearingGet
 .text.vexDeviceImuReset
                0x03801f6c       0x24 C:\Program Files (x86)\VEX Robotics\VEXcode V5 Text\sdk/vexv5\libv5rt.a(v5_apijump.c.obj)
                0x03801f6c                vexDeviceImuReset
 .text.vexDeviceImuHeadingGet
                0x03801f90       0x24 C:\Program Files (x86)\VEX Robotics\VEXcode V5 Text\sdk/vexv5\libv5rt.a(v5_apijump.c.obj)
                0x03801f90                vexDeviceImuHeadingGet
 .text.vexDeviceImuDegreesGet
                0x03801fb4       0x24 C:\Program Files (x86)\VEX Robotics\VEXcode V5 Text\sdk/vexv5\libv5rt.a(v5_apijump.c.obj)
                0x03801fb4                vexDeviceImuDegreesGet
 .text.vexDeviceImuStatusGet
                0x03801fd8       0x24 C:\Program Files (x86)\VEX Robotics\VEXcode V5 Text\sdk/vexv5\libv5rt.a(v5_apijump.c.obj)
                0x03801fd8                vexDeviceImuStatusGet
 .text.vexDisplayForegroundColor
                0x03801ffc       0x24 C:\Program Files (x86)\VEX Robotics\VEXcode V5 Text\sdk/vexv5\libv5rt.a(v5_apijump.c.obj)
                0x03801ffc                vexDisplayForegroundColor
 .text.vexDisplayBackgroundColor
                0x03802020       0x24 C:\Program Files (x86)\VEX Robotics\VEXcode V5 Text\sdk/vexv5\libv5rt.a(v5_apijump.c.obj)
                0x03802020                vexDisplayBackgroundColor
 .text.vexDisplayBackgroundColorGet
                0x03802044       0x1c C:\Program Files (x86)\VEX Robotics\VEXcode V5 Text\sdk/vexv5\libv5rt.a(v5_apijump.c.obj)
                0x03802044                vexDisplayBackgroundColorGet
 .text.vexDisplayRectClear
                0x03802060       0x4c C:\Program Files (x86)\VEX Robotics\VEXcode V5 Text\sdk/vexv5\libv5rt.a(v5_apijump.c.obj)
                0x03802060                vexDisplayRectClear
 .text.vexDisplayTextReference
                0x038020ac       0x24 C:\Program Files (x86)\VEX Robotics\VEXcode V5 Text\sdk/vexv5\libv5rt.a(v5_apijump.c.obj)
                0x038020ac                vexDisplayTextReference
 .text.vexDisplayTextSize
                0x038020d0       0x2c C:\Program Files (x86)\VEX Robotics\VEXcode V5 Text\sdk/vexv5\libv5rt.a(v5_apijump.c.obj)
                0x038020d0                vexDisplayTextSize
 .text.vexDisplayFontNamedSet
                0x038020fc       0x24 C:\Program Files (x86)\VEX Robotics\VEXcode V5 Text\sdk/vexv5\libv5rt.a(v5_apijump.c.obj)
                0x038020fc                vexDisplayFontNamedSet
 .text.vexSystemStdlibImpureDataAddr
                0x03802120       0x28 C:\Program Files (x86)\VEX Robotics\VEXcode V5 Text\sdk/vexv5\libv5rt.a(v5_apijump.c.obj)
                0x03802120                vexSystemStdlibImpureDataAddr
 .text.vexSystemStdlibImpureDataSize
                0x03802148       0x28 C:\Program Files (x86)\VEX Robotics\VEXcode V5 Text\sdk/vexv5\libv5rt.a(v5_apijump.c.obj)
                0x03802148                vexSystemStdlibImpureDataSize
 .text.vexSystemSaveUserData
                0x03802170       0x3c C:\Program Files (x86)\VEX Robotics\VEXcode V5 Text\sdk/vexv5\libv5rt.a(v5_apijump.c.obj)
                0x03802170                vexSystemSaveUserData
 .text.vexDisplayThemeIdGet
                0x038021ac       0x38 C:\Program Files (x86)\VEX Robotics\VEXcode V5 Text\sdk/vexv5\libv5rt.a(v5_apijump.c.obj)
                0x038021ac                vexDisplayThemeIdGet
 .text.vexCompetitionStatus
                0x038021e4       0x1c C:\Program Files (x86)\VEX Robotics\VEXcode V5 Text\sdk/vexv5\libv5rt.a(v5_apijump.c.obj)
                0x038021e4                vexCompetitionStatus
 .text.vexDeviceEventMaskSet
                0x03802200       0x48 C:\Program Files (x86)\VEX Robotics\VEXcode V5 Text\sdk/vexv5\libv5rt.a(v5_apijump.c.obj)
                0x03802200                vexDeviceEventMaskSet
 .text.vexDeviceEventMaskGet
                0x03802248       0x3c C:\Program Files (x86)\VEX Robotics\VEXcode V5 Text\sdk/vexv5\libv5rt.a(v5_apijump.c.obj)
                0x03802248                vexDeviceEventMaskGet
 .text.vexSystemVersion
                0x03802284       0x10 C:\Program Files (x86)\VEX Robotics\VEXcode V5 Text\sdk/vexv5\libv5rt.a(v5_apiversions.c.obj)
                0x03802284                vexSystemVersion
 .text.vexStdlibVersion
                0x03802294       0x10 C:\Program Files (x86)\VEX Robotics\VEXcode V5 Text\sdk/vexv5\libv5rt.a(v5_apiversions.c.obj)
                0x03802294                vexStdlibVersion
 *fill*         0x038022a4        0x4 
 .text._ZN3vex4waitEdNS_9timeUnitsE
                0x038022a8       0x30 C:\Program Files (x86)\VEX Robotics\VEXcode V5 Text\sdk/vexv5\libv5rt.a(vex_global.cpp.obj)
                0x038022a8                vex::wait(double, vex::timeUnits)
 .text._ZN3vex5motor9installedEv
                0x038022d8       0x18 C:\Program Files (x86)\VEX Robotics\VEXcode V5 Text\sdk/vexv5\libv5rt.a(vex_motor.cpp.obj)
                0x038022d8                vex::motor::installed()
 .text._ZN3vex5motorD2Ev
                0x038022f0       0x20 C:\Program Files (x86)\VEX Robotics\VEXcode V5 Text\sdk/vexv5\libv5rt.a(vex_motor.cpp.obj)
                0x038022f0                vex::motor::~motor()
                0x038022f0                vex::motor::~motor()
 .text._ZN3vex5motor15defaultStoppingENS_9brakeTypeE
                0x03802310       0x30 C:\Program Files (x86)\VEX Robotics\VEXcode V5 Text\sdk/vexv5\libv5rt.a(vex_motor.cpp.obj)
                0x03802310                vex::motor::defaultStopping(vex::brakeType)
 .text._ZN3vex5motor8setBrakeENS_9brakeTypeE
                0x03802340        0x4 C:\Program Files (x86)\VEX Robotics\VEXcode V5 Text\sdk/vexv5\libv5rt.a(vex_motor.cpp.obj)
                0x03802340                vex::motor::setBrake(vex::brakeType)
 .text._ZN3vex5motorC2El
                0x03802344       0x78 C:\Program Files (x86)\VEX Robotics\VEXcode V5 Text\sdk/vexv5\libv5rt.a(vex_motor.cpp.obj)
                0x03802344                vex::motor::motor(long)
                0x03802344                vex::motor::motor(long)
 .text._ZN3vex5motorC2ElNS_11gearSettingEb
                0x038023bc       0x34 C:\Program Files (x86)\VEX Robotics\VEXcode V5 Text\sdk/vexv5\libv5rt.a(vex_motor.cpp.obj)
                0x038023bc                vex::motor::motor(long, vex::gearSetting, bool)
                0x038023bc                vex::motor::motor(long, vex::gearSetting, bool)
 .text._ZN3vex5motor10isSpinningEv
                0x038023f0       0x38 C:\Program Files (x86)\VEX Robotics\VEXcode V5 Text\sdk/vexv5\libv5rt.a(vex_motor.cpp.obj)
                0x038023f0                vex::motor::isSpinning()
 .text._ZN3vex5motor4stopENS_9brakeTypeE
                0x03802428       0x30 C:\Program Files (x86)\VEX Robotics\VEXcode V5 Text\sdk/vexv5\libv5rt.a(vex_motor.cpp.obj)
                0x03802428                vex::motor::stop(vex::brakeType)
 .text._ZN3vex5motor4stopEv
                0x03802458        0x8 C:\Program Files (x86)\VEX Robotics\VEXcode V5 Text\sdk/vexv5\libv5rt.a(vex_motor.cpp.obj)
                0x03802458                vex::motor::stop()
 .text._ZN3vex5motor16velocityToScaledEdNS_13velocityUnitsE
                0x03802460       0x5c C:\Program Files (x86)\VEX Robotics\VEXcode V5 Text\sdk/vexv5\libv5rt.a(vex_motor.cpp.obj)
                0x03802460                vex::motor::velocityToScaled(double, vex::velocityUnits)
 .text._ZN3vex5motor8velocityENS_13velocityUnitsE
                0x038024bc       0x30 C:\Program Files (x86)\VEX Robotics\VEXcode V5 Text\sdk/vexv5\libv5rt.a(vex_motor.cpp.obj)
                0x038024bc                vex::motor::velocity(vex::velocityUnits)
 .text._ZN3vex5motor5valueEv
                0x038024ec       0x1c C:\Program Files (x86)\VEX Robotics\VEXcode V5 Text\sdk/vexv5\libv5rt.a(vex_motor.cpp.obj)
                0x038024ec                vex::motor::value()
 .text._ZN3vex5motor16scaledToVelocityEdNS_13velocityUnitsE
                0x03802508       0xa4 C:\Program Files (x86)\VEX Robotics\VEXcode V5 Text\sdk/vexv5\libv5rt.a(vex_motor.cpp.obj)
                0x03802508                vex::motor::scaledToVelocity(double, vex::velocityUnits)
 .text._ZN3vex5motor4spinENS_13directionTypeEdNS_13velocityUnitsE
                0x038025ac       0x5c C:\Program Files (x86)\VEX Robotics\VEXcode V5 Text\sdk/vexv5\libv5rt.a(vex_motor.cpp.obj)
                0x038025ac                vex::motor::spin(vex::directionType, double, vex::velocityUnits)
 .text._ZN3vex5motor11setVelocityEdNS_13velocityUnitsE
                0x03802608       0x54 C:\Program Files (x86)\VEX Robotics\VEXcode V5 Text\sdk/vexv5\libv5rt.a(vex_motor.cpp.obj)
                0x03802608                vex::motor::setVelocity(double, vex::velocityUnits)
 .text._ZN3vex5motor16setRotationUnitsENS_13rotationUnitsE
                0x0380265c       0x1c C:\Program Files (x86)\VEX Robotics\VEXcode V5 Text\sdk/vexv5\libv5rt.a(vex_motor.cpp.obj)
                0x0380265c                vex::motor::setRotationUnits(vex::rotationUnits)
 .text._ZN3vex5motor11setRotationEdNS_13rotationUnitsE
                0x03802678       0x44 C:\Program Files (x86)\VEX Robotics\VEXcode V5 Text\sdk/vexv5\libv5rt.a(vex_motor.cpp.obj)
                0x03802678                vex::motor::setRotation(double, vex::rotationUnits)
 .text._ZN3vex5motor9rotateForEdNS_13rotationUnitsEdNS_13velocityUnitsEb
                0x038026bc       0xe0 C:\Program Files (x86)\VEX Robotics\VEXcode V5 Text\sdk/vexv5\libv5rt.a(vex_motor.cpp.obj)
                0x038026bc                vex::motor::rotateFor(double, vex::rotationUnits, double, vex::velocityUnits, bool)
 .text._ZN3vex5motor9rotateForENS_13directionTypeEdNS_13rotationUnitsEdNS_13velocityUnitsEb
                0x0380279c       0x34 C:\Program Files (x86)\VEX Robotics\VEXcode V5 Text\sdk/vexv5\libv5rt.a(vex_motor.cpp.obj)
                0x0380279c                vex::motor::rotateFor(vex::directionType, double, vex::rotationUnits, double, vex::velocityUnits, bool)
 .text._ZN3vex5motor9rotateForENS_13directionTypeEdNS_13rotationUnitsEb
                0x038027d0       0x3c C:\Program Files (x86)\VEX Robotics\VEXcode V5 Text\sdk/vexv5\libv5rt.a(vex_motor.cpp.obj)
                0x038027d0                vex::motor::rotateFor(vex::directionType, double, vex::rotationUnits, bool)
 .text._ZN3vex5motor7spinForENS_13directionTypeEdNS_13rotationUnitsEb
                0x0380280c       0x3c C:\Program Files (x86)\VEX Robotics\VEXcode V5 Text\sdk/vexv5\libv5rt.a(vex_motor.cpp.obj)
                0x0380280c                vex::motor::spinFor(vex::directionType, double, vex::rotationUnits, bool)
 .text._ZN3vex8inertial10setHeadingEdNS_13rotationUnitsE
                0x03802848       0x60 C:\Program Files (x86)\VEX Robotics\VEXcode V5 Text\sdk/vexv5\libv5rt.a(vex_imu.cpp.obj)
                0x03802848                vex::inertial::setHeading(double, vex::rotationUnits)
 .text._ZThn16_N3vex8inertial10setHeadingEdNS_13rotationUnitsE
                0x038028a8        0x8 C:\Program Files (x86)\VEX Robotics\VEXcode V5 Text\sdk/vexv5\libv5rt.a(vex_imu.cpp.obj)
                0x038028a8                non-virtual thunk to vex::inertial::setHeading(double, vex::rotationUnits)
 .text._ZN3vex8inertial11setRotationEdNS_13rotationUnitsE
                0x038028b0       0x60 C:\Program Files (x86)\VEX Robotics\VEXcode V5 Text\sdk/vexv5\libv5rt.a(vex_imu.cpp.obj)
                0x038028b0                vex::inertial::setRotation(double, vex::rotationUnits)
 .text._ZThn16_N3vex8inertial11setRotationEdNS_13rotationUnitsE
                0x03802910        0x8 C:\Program Files (x86)\VEX Robotics\VEXcode V5 Text\sdk/vexv5\libv5rt.a(vex_imu.cpp.obj)
                0x03802910                non-virtual thunk to vex::inertial::setRotation(double, vex::rotationUnits)
 .text._ZN3vex8inertial9installedEv
                0x03802918       0x18 C:\Program Files (x86)\VEX Robotics\VEXcode V5 Text\sdk/vexv5\libv5rt.a(vex_imu.cpp.obj)
                0x03802918                vex::inertial::installed()
 .text._ZN3vex8inertial5angleENS_13rotationUnitsE
                0x03802930       0x60 C:\Program Files (x86)\VEX Robotics\VEXcode V5 Text\sdk/vexv5\libv5rt.a(vex_imu.cpp.obj)
                0x03802930                vex::inertial::angle(vex::rotationUnits)
 .text._ZThn16_N3vex8inertial5angleENS_13rotationUnitsE
                0x03802990        0x8 C:\Program Files (x86)\VEX Robotics\VEXcode V5 Text\sdk/vexv5\libv5rt.a(vex_imu.cpp.obj)
                0x03802990                non-virtual thunk to vex::inertial::angle(vex::rotationUnits)
 .text._ZN3vex8inertial7headingENS_13rotationUnitsE
                0x03802998        0x4 C:\Program Files (x86)\VEX Robotics\VEXcode V5 Text\sdk/vexv5\libv5rt.a(vex_imu.cpp.obj)
                0x03802998                vex::inertial::heading(vex::rotationUnits)
 .text._ZThn16_N3vex8inertial7headingENS_13rotationUnitsE
                0x0380299c        0x8 C:\Program Files (x86)\VEX Robotics\VEXcode V5 Text\sdk/vexv5\libv5rt.a(vex_imu.cpp.obj)
                0x0380299c                non-virtual thunk to vex::inertial::heading(vex::rotationUnits)
 .text._ZN3vex8inertial5valueEv
                0x038029a4       0x1c C:\Program Files (x86)\VEX Robotics\VEXcode V5 Text\sdk/vexv5\libv5rt.a(vex_imu.cpp.obj)
                0x038029a4                vex::inertial::value()
 .text._ZN3vex8inertial8rotationENS_13rotationUnitsE
                0x038029c0       0x40 C:\Program Files (x86)\VEX Robotics\VEXcode V5 Text\sdk/vexv5\libv5rt.a(vex_imu.cpp.obj)
                0x038029c0                vex::inertial::rotation(vex::rotationUnits)
 .text._ZThn16_N3vex8inertial8rotationENS_13rotationUnitsE
                0x03802a00        0x8 C:\Program Files (x86)\VEX Robotics\VEXcode V5 Text\sdk/vexv5\libv5rt.a(vex_imu.cpp.obj)
                0x03802a00                non-virtual thunk to vex::inertial::rotation(vex::rotationUnits)
 .text._ZN3vex8inertial13isCalibratingEv
                0x03802a08       0x38 C:\Program Files (x86)\VEX Robotics\VEXcode V5 Text\sdk/vexv5\libv5rt.a(vex_imu.cpp.obj)
                0x03802a08                vex::inertial::isCalibrating()
 .text._ZThn16_N3vex8inertial13isCalibratingEv
                0x03802a40        0x8 C:\Program Files (x86)\VEX Robotics\VEXcode V5 Text\sdk/vexv5\libv5rt.a(vex_imu.cpp.obj)
                0x03802a40                non-virtual thunk to vex::inertial::isCalibrating()
 .text._ZN3vex8inertialC2El
                0x03802a48       0x48 C:\Program Files (x86)\VEX Robotics\VEXcode V5 Text\sdk/vexv5\libv5rt.a(vex_imu.cpp.obj)
                0x03802a48                vex::inertial::inertial(long)
                0x03802a48                vex::inertial::inertial(long)
 .text._ZN3vex8inertialD2Ev
                0x03802a90       0x20 C:\Program Files (x86)\VEX Robotics\VEXcode V5 Text\sdk/vexv5\libv5rt.a(vex_imu.cpp.obj)
                0x03802a90                vex::inertial::~inertial()
                0x03802a90                vex::inertial::~inertial()
 .text._ZN3vex8inertial16startCalibrationEl
                0x03802ab0       0x20 C:\Program Files (x86)\VEX Robotics\VEXcode V5 Text\sdk/vexv5\libv5rt.a(vex_imu.cpp.obj)
                0x03802ab0                vex::inertial::startCalibration(long)
 .text._ZN3vex8inertial9calibrateEl
                0x03802ad0        0xc C:\Program Files (x86)\VEX Robotics\VEXcode V5 Text\sdk/vexv5\libv5rt.a(vex_imu.cpp.obj)
                0x03802ad0                vex::inertial::calibrate(long)
                0x03802ad4                non-virtual thunk to vex::inertial::calibrate(long)
 .text._ZN3vex10controllerD2Ev
                0x03802adc        0x4 C:\Program Files (x86)\VEX Robotics\VEXcode V5 Text\sdk/vexv5\libv5rt.a(vex_controller.cpp.obj)
                0x03802adc                vex::controller::~controller()
                0x03802adc                vex::controller::~controller()
 .text._ZN3vex10controller5valueE19_V5_ControllerIndex
                0x03802ae0        0x8 C:\Program Files (x86)\VEX Robotics\VEXcode V5 Text\sdk/vexv5\libv5rt.a(vex_controller.cpp.obj)
                0x03802ae0                vex::controller::value(_V5_ControllerIndex)
 .text._ZN3vex10controller6rumbleEPKc
                0x03802ae8       0x4c C:\Program Files (x86)\VEX Robotics\VEXcode V5 Text\sdk/vexv5\libv5rt.a(vex_controller.cpp.obj)
                0x03802ae8                vex::controller::rumble(char const*)
 .text._ZN3vex10controller6button8pressingEv
                0x03802b34       0xc8 C:\Program Files (x86)\VEX Robotics\VEXcode V5 Text\sdk/vexv5\libv5rt.a(vex_controller.cpp.obj)
                0x03802b34                vex::controller::button::pressing()
 .text._ZN3vex10controller6button21_buttonToPressedEventEv
                0x03802bfc       0x20 C:\Program Files (x86)\VEX Robotics\VEXcode V5 Text\sdk/vexv5\libv5rt.a(vex_controller.cpp.obj)
                0x03802bfc                vex::controller::button::_buttonToPressedEvent()
 .text._ZN3vex10controller6button22_buttonToReleasedEventEv
                0x03802c1c       0x20 C:\Program Files (x86)\VEX Robotics\VEXcode V5 Text\sdk/vexv5\libv5rt.a(vex_controller.cpp.obj)
                0x03802c1c                vex::controller::button::_buttonToReleasedEvent()
 .text._ZN3vex10controller6buttonC2ENS0_11tButtonTypeEPS0_
                0x03802c3c       0x48 C:\Program Files (x86)\VEX Robotics\VEXcode V5 Text\sdk/vexv5\libv5rt.a(vex_controller.cpp.obj)
                0x03802c3c                vex::controller::button::button(vex::controller::tButtonType, vex::controller*)
                0x03802c3c                vex::controller::button::button(vex::controller::tButtonType, vex::controller*)
 .text._ZN3vex10controller4axis5valueEv
                0x03802c84       0x58 C:\Program Files (x86)\VEX Robotics\VEXcode V5 Text\sdk/vexv5\libv5rt.a(vex_controller.cpp.obj)
                0x03802c84                vex::controller::axis::value()
 .text._ZN3vex10controller4axis23_joystickToChangedEventEv
                0x03802cdc       0x20 C:\Program Files (x86)\VEX Robotics\VEXcode V5 Text\sdk/vexv5\libv5rt.a(vex_controller.cpp.obj)
                0x03802cdc                vex::controller::axis::_joystickToChangedEvent()
 .text._ZN3vex10controller4axisC2ENS0_9tAxisTypeEPS0_
                0x03802cfc       0x2c C:\Program Files (x86)\VEX Robotics\VEXcode V5 Text\sdk/vexv5\libv5rt.a(vex_controller.cpp.obj)
                0x03802cfc                vex::controller::axis::axis(vex::controller::tAxisType, vex::controller*)
                0x03802cfc                vex::controller::axis::axis(vex::controller::tAxisType, vex::controller*)
 .text._ZN3vex10controllerC2Ev
                0x03802d28      0x204 C:\Program Files (x86)\VEX Robotics\VEXcode V5 Text\sdk/vexv5\libv5rt.a(vex_controller.cpp.obj)
                0x03802d28                vex::controller::controller()
                0x03802d28                vex::controller::controller()
 .text._ZN3vex10controller3lcd15getControllerIdEv
                0x03802f2c       0x10 C:\Program Files (x86)\VEX Robotics\VEXcode V5 Text\sdk/vexv5\libv5rt.a(vex_controller.cpp.obj)
                0x03802f2c                vex::controller::lcd::getControllerId()
 .text._ZN3vex10controller3lcd9setCursorEll
                0x03802f3c       0x40 C:\Program Files (x86)\VEX Robotics\VEXcode V5 Text\sdk/vexv5\libv5rt.a(vex_controller.cpp.obj)
                0x03802f3c                vex::controller::lcd::setCursor(long, long)
 .text._ZN3vex10controller3lcd5printEPKcz
                0x03802f7c       0x74 C:\Program Files (x86)\VEX Robotics\VEXcode V5 Text\sdk/vexv5\libv5rt.a(vex_controller.cpp.obj)
                0x03802f7c                vex::controller::lcd::print(char const*, ...)
 .text._ZN3vex10controller3lcd9clearLineEi
                0x03802ff0       0x44 C:\Program Files (x86)\VEX Robotics\VEXcode V5 Text\sdk/vexv5\libv5rt.a(vex_controller.cpp.obj)
                0x03802ff0                vex::controller::lcd::clearLine(int)
 .text._ZN3vex10controller3lcd9clearLineEv
                0x03803034        0x8 C:\Program Files (x86)\VEX Robotics\VEXcode V5 Text\sdk/vexv5\libv5rt.a(vex_controller.cpp.obj)
                0x03803034                vex::controller::lcd::clearLine()
 .text._ZN3vex4taskC2EPFivE
                0x0380303c       0x54 C:\Program Files (x86)\VEX Robotics\VEXcode V5 Text\sdk/vexv5\libv5rt.a(vex_task.cpp.obj)
                0x0380303c                vex::task::task(int (*)())
                0x0380303c                vex::task::task(int (*)())
 .text._ZN3vex4taskD2Ev
                0x03803090        0x4 C:\Program Files (x86)\VEX Robotics\VEXcode V5 Text\sdk/vexv5\libv5rt.a(vex_task.cpp.obj)
                0x03803090                vex::task::~task()
                0x03803090                vex::task::~task()
 .text._ZN3vex4task4stopEPFivE
                0x03803094        0xc C:\Program Files (x86)\VEX Robotics\VEXcode V5 Text\sdk/vexv5\libv5rt.a(vex_task.cpp.obj)
                0x03803094                vex::task::stop(int (*)())
 .text._ZN3vex4task5sleepEm
                0x038030a0        0x4 C:\Program Files (x86)\VEX Robotics\VEXcode V5 Text\sdk/vexv5\libv5rt.a(vex_task.cpp.obj)
                0x038030a0                vex::task::sleep(unsigned long)
 .text._ZN3vex4task6_indexEPFivE
                0x038030a4       0x14 C:\Program Files (x86)\VEX Robotics\VEXcode V5 Text\sdk/vexv5\libv5rt.a(vex_task.cpp.obj)
                0x038030a4                vex::task::_index(int (*)())
 .text._ZN3vex4task8_stopAllEv
                0x038030b8       0x3c C:\Program Files (x86)\VEX Robotics\VEXcode V5 Text\sdk/vexv5\libv5rt.a(vex_task.cpp.obj)
                0x038030b8                vex::task::_stopAll()
 .text._ZN3vex11this_thread9sleep_forEm
                0x038030f4        0x4 C:\Program Files (x86)\VEX Robotics\VEXcode V5 Text\sdk/vexv5\libv5rt.a(vex_thread.cpp.obj)
                0x038030f4                vex::this_thread::sleep_for(unsigned long)
 .text._ZN3vex5event4initEmmPFvvE
                0x038030f8        0x4 C:\Program Files (x86)\VEX Robotics\VEXcode V5 Text\sdk/vexv5\libv5rt.a(vex_event.cpp.obj)
                0x038030f8                vex::event::init(unsigned long, unsigned long, void (*)())
 .text._ZN3vex5event4initEmmPFvPvES1_
                0x038030fc        0x4 C:\Program Files (x86)\VEX Robotics\VEXcode V5 Text\sdk/vexv5\libv5rt.a(vex_event.cpp.obj)
                0x038030fc                vex::event::init(unsigned long, unsigned long, void (*)(void*), void*)
 .text._ZN3vex5event9userindexEv
                0x03803100        0x4 C:\Program Files (x86)\VEX Robotics\VEXcode V5 Text\sdk/vexv5\libv5rt.a(vex_event.cpp.obj)
                0x03803100                vex::event::userindex()
 .text._ZZN3vex6meventC4EmmENUlvE_4_FUNEv
                0x03803104        0x4 C:\Program Files (x86)\VEX Robotics\VEXcode V5 Text\sdk/vexv5\libv5rt.a(vex_mevent.cpp.obj)
 .text._ZN3vex6meventC2Emm
                0x03803108       0x70 C:\Program Files (x86)\VEX Robotics\VEXcode V5 Text\sdk/vexv5\libv5rt.a(vex_mevent.cpp.obj)
                0x03803108                vex::mevent::mevent(unsigned long, unsigned long)
                0x03803108                vex::mevent::mevent(unsigned long, unsigned long)
 .text._ZN3vex5brainD2Ev
                0x03803178       0x20 C:\Program Files (x86)\VEX Robotics\VEXcode V5 Text\sdk/vexv5\libv5rt.a(vex_brain.cpp.obj)
                0x03803178                vex::brain::~brain()
                0x03803178                vex::brain::~brain()
 .text._ZN3vex5brain9_getIndexEv
                0x03803198       0x10 C:\Program Files (x86)\VEX Robotics\VEXcode V5 Text\sdk/vexv5\libv5rt.a(vex_brain.cpp.obj)
                0x03803198                vex::brain::_getIndex()
 .text._ZN3vex5brain3lcd9setCursorEll
                0x038031a8       0x44 C:\Program Files (x86)\VEX Robotics\VEXcode V5 Text\sdk/vexv5\libv5rt.a(vex_brain.cpp.obj)
                0x038031a8                vex::brain::lcd::setCursor(long, long)
 .text._ZN3vex5brain3lcd7setFontENS_8fontTypeE
                0x038031ec      0x23c C:\Program Files (x86)\VEX Robotics\VEXcode V5 Text\sdk/vexv5\libv5rt.a(vex_brain.cpp.obj)
                0x038031ec                vex::brain::lcd::setFont(vex::fontType)
 .text._ZN3vex5brain3lcdC2Ev
                0x03803428       0x94 C:\Program Files (x86)\VEX Robotics\VEXcode V5 Text\sdk/vexv5\libv5rt.a(vex_brain.cpp.obj)
                0x03803428                vex::brain::lcd::lcd()
                0x03803428                vex::brain::lcd::lcd()
 .text._ZN3vex5brainC2Ev
                0x038034bc       0x38 C:\Program Files (x86)\VEX Robotics\VEXcode V5 Text\sdk/vexv5\libv5rt.a(vex_brain.cpp.obj)
                0x038034bc                vex::brain::brain()
                0x038034bc                vex::brain::brain()
 .text._ZN3vex5brain3lcd12_clearScreenEm
                0x038034f4       0x38 C:\Program Files (x86)\VEX Robotics\VEXcode V5 Text\sdk/vexv5\libv5rt.a(vex_brain.cpp.obj)
                0x038034f4                vex::brain::lcd::_clearScreen(unsigned long)
 .text._ZN3vex5brain3lcd11clearScreenERKNS_5colorE
                0x0380352c       0x20 C:\Program Files (x86)\VEX Robotics\VEXcode V5 Text\sdk/vexv5\libv5rt.a(vex_brain.cpp.obj)
                0x0380352c                vex::brain::lcd::clearScreen(vex::color const&)
 .text._ZN3vex11competition8_disableEPv
                0x0380354c       0x9c C:\Program Files (x86)\VEX Robotics\VEXcode V5 Text\sdk/vexv5\libv5rt.a(vex_competition.cpp.obj)
                0x0380354c                vex::competition::_disable(void*)
 .text._ZN3vex11competition11_autonomousEv
                0x038035e8       0x7c C:\Program Files (x86)\VEX Robotics\VEXcode V5 Text\sdk/vexv5\libv5rt.a(vex_competition.cpp.obj)
                0x038035e8                vex::competition::_autonomous()
 .text._ZN3vex11competition14_drivercontrolEv
                0x03803664       0x7c C:\Program Files (x86)\VEX Robotics\VEXcode V5 Text\sdk/vexv5\libv5rt.a(vex_competition.cpp.obj)
                0x03803664                vex::competition::_drivercontrol()
 .text._ZN3vex11competitionC2Ev
                0x038036e0      0x13c C:\Program Files (x86)\VEX Robotics\VEXcode V5 Text\sdk/vexv5\libv5rt.a(vex_competition.cpp.obj)
                0x038036e0                vex::competition::competition()
                0x038036e0                vex::competition::competition()
 .text._ZN3vex11competitionD2Ev
                0x0380381c        0x4 C:\Program Files (x86)\VEX Robotics\VEXcode V5 Text\sdk/vexv5\libv5rt.a(vex_competition.cpp.obj)
                0x0380381c                vex::competition::~competition()
                0x0380381c                vex::competition::~competition()
 .text._ZN3vex11competition10autonomousEPFvvE
                0x03803820       0x44 C:\Program Files (x86)\VEX Robotics\VEXcode V5 Text\sdk/vexv5\libv5rt.a(vex_competition.cpp.obj)
                0x03803820                vex::competition::autonomous(void (*)())
 .text._ZN3vex11competition13drivercontrolEPFvvE
                0x03803864       0x44 C:\Program Files (x86)\VEX Robotics\VEXcode V5 Text\sdk/vexv5\libv5rt.a(vex_competition.cpp.obj)
                0x03803864                vex::competition::drivercontrol(void (*)())
 .text._ZN3vex11competition9isEnabledEv
                0x038038a8       0x14 C:\Program Files (x86)\VEX Robotics\VEXcode V5 Text\sdk/vexv5\libv5rt.a(vex_competition.cpp.obj)
                0x038038a8                vex::competition::isEnabled()
 .text._ZN3vex11competition15isDriverControlEv
                0x038038bc       0x14 C:\Program Files (x86)\VEX Robotics\VEXcode V5 Text\sdk/vexv5\libv5rt.a(vex_competition.cpp.obj)
                0x038038bc                vex::competition::isDriverControl()
 .text._ZN3vex11competition12isAutonomousEv
                0x038038d0       0x14 C:\Program Files (x86)\VEX Robotics\VEXcode V5 Text\sdk/vexv5\libv5rt.a(vex_competition.cpp.obj)
                0x038038d0                vex::competition::isAutonomous()
 .text._ZN3vex7triport9installedEv
                0x038038e4       0x18 C:\Program Files (x86)\VEX Robotics\VEXcode V5 Text\sdk/vexv5\libv5rt.a(vex_triport.cpp.obj)
                0x038038e4                vex::triport::installed()
 .text._ZN3vex7triportD2Ev
                0x038038fc       0x38 C:\Program Files (x86)\VEX Robotics\VEXcode V5 Text\sdk/vexv5\libv5rt.a(vex_triport.cpp.obj)
                0x038038fc                vex::triport::~triport()
                0x038038fc                vex::triport::~triport()
 .text._ZN3vex7triport4portC2ElPS0_
                0x03803934       0x74 C:\Program Files (x86)\VEX Robotics\VEXcode V5 Text\sdk/vexv5\libv5rt.a(vex_triport.cpp.obj)
                0x03803934                vex::triport::port::port(long, vex::triport*)
                0x03803934                vex::triport::port::port(long, vex::triport*)
 .text._ZN3vex7triportC2El
                0x038039a8       0xf0 C:\Program Files (x86)\VEX Robotics\VEXcode V5 Text\sdk/vexv5\libv5rt.a(vex_triport.cpp.obj)
                0x038039a8                vex::triport::triport(long)
                0x038039a8                vex::triport::triport(long)
 .text._ZN3vex7triport4port4typeENS_11triportTypeE
                0x03803a98       0x30 C:\Program Files (x86)\VEX Robotics\VEXcode V5 Text\sdk/vexv5\libv5rt.a(vex_triport.cpp.obj)
                0x03803a98                vex::triport::port::type(vex::triportType)
 .text._ZN3vex7triport4port4typeEv
                0x03803ac8       0x38 C:\Program Files (x86)\VEX Robotics\VEXcode V5 Text\sdk/vexv5\libv5rt.a(vex_triport.cpp.obj)
                0x03803ac8                vex::triport::port::type()
 .text._ZN3vex7triport4port5valueEv
                0x03803b00       0x14 C:\Program Files (x86)\VEX Robotics\VEXcode V5 Text\sdk/vexv5\libv5rt.a(vex_triport.cpp.obj)
                0x03803b00                vex::triport::port::value()
 .text._ZN3vex7triport4port14_convertAnalogENS_11analogUnitsE
                0x03803b14       0x58 C:\Program Files (x86)\VEX Robotics\VEXcode V5 Text\sdk/vexv5\libv5rt.a(vex_triport.cpp.obj)
                0x03803b14                vex::triport::port::_convertAnalog(vex::analogUnits)
 .text._ZN3vex11__trideviceC2ERNS_7triport4portENS_11triportTypeE
                0x03803b6c       0x5c C:\Program Files (x86)\VEX Robotics\VEXcode V5 Text\sdk/vexv5\libv5rt.a(vex_triport.cpp.obj)
                0x03803b6c                vex::__tridevice::__tridevice(vex::triport::port&, vex::triportType)
                0x03803b6c                vex::__tridevice::__tridevice(vex::triport::port&, vex::triportType)
 .text._ZN3vex11__tridevice14_convertAnalogENS_11analogUnitsE
                0x03803bc8        0x8 C:\Program Files (x86)\VEX Robotics\VEXcode V5 Text\sdk/vexv5\libv5rt.a(vex_triport.cpp.obj)
                0x03803bc8                vex::__tridevice::_convertAnalog(vex::analogUnits)
 .text._ZN3vex3potC2ERNS_7triport4portE
                0x03803bd0       0x20 C:\Program Files (x86)\VEX Robotics\VEXcode V5 Text\sdk/vexv5\libv5rt.a(vex_triport.cpp.obj)
                0x03803bd0                vex::pot::pot(vex::triport::port&)
                0x03803bd0                vex::pot::pot(vex::triport::port&)
 .text._ZN3vex3potD2Ev
                0x03803bf0        0x4 C:\Program Files (x86)\VEX Robotics\VEXcode V5 Text\sdk/vexv5\libv5rt.a(vex_triport.cpp.obj)
                0x03803bf0                vex::pot::~pot()
                0x03803bf0                vex::pot::~pot()
 *fill*         0x03803bf4        0x4 
 .text._ZN3vex3pot5valueENS_13rotationUnitsE
                0x03803bf8       0x60 C:\Program Files (x86)\VEX Robotics\VEXcode V5 Text\sdk/vexv5\libv5rt.a(vex_triport.cpp.obj)
                0x03803bf8                vex::pot::value(vex::rotationUnits)
 .text.startup._GLOBAL__sub_I__ZN3vex7triportC2El
                0x03803c58       0x30 C:\Program Files (x86)\VEX Robotics\VEXcode V5 Text\sdk/vexv5\libv5rt.a(vex_triport.cpp.obj)
 .text._ZN3vex5colorD2Ev
                0x03803c88        0x4 C:\Program Files (x86)\VEX Robotics\VEXcode V5 Text\sdk/vexv5\libv5rt.a(vex_color.cpp.obj)
                0x03803c88                vex::color::~color()
                0x03803c88                vex::color::~color()
 .text._ZNK3vex5colorcvmEv
                0x03803c8c        0x8 C:\Program Files (x86)\VEX Robotics\VEXcode V5 Text\sdk/vexv5\libv5rt.a(vex_color.cpp.obj)
                0x03803c8c                vex::color::operator unsigned long() const
 .text.startup._GLOBAL__sub_I__ZN3vex5color5blackE
                0x03803c94      0x164 C:\Program Files (x86)\VEX Robotics\VEXcode V5 Text\sdk/vexv5\libv5rt.a(vex_color.cpp.obj)
 .text._ZN3vex5timerD2Ev
                0x03803df8        0x4 C:\Program Files (x86)\VEX Robotics\VEXcode V5 Text\sdk/vexv5\libv5rt.a(vex_timer.cpp.obj)
                0x03803df8                vex::timer::~timer()
                0x03803df8                vex::timer::~timer()
 .text._ZN3vex5timer5clearEv
                0x03803dfc       0x1c C:\Program Files (x86)\VEX Robotics\VEXcode V5 Text\sdk/vexv5\libv5rt.a(vex_timer.cpp.obj)
                0x03803dfc                vex::timer::clear()
 .text._ZN3vex5timerC2Ev
                0x03803e18       0x14 C:\Program Files (x86)\VEX Robotics\VEXcode V5 Text\sdk/vexv5\libv5rt.a(vex_timer.cpp.obj)
                0x03803e18                vex::timer::timer()
                0x03803e18                vex::timer::timer()
 .text._ZN3vex11motor_group18motor_group_motorsC2Ev
                0x03803e2c       0x28 C:\Program Files (x86)\VEX Robotics\VEXcode V5 Text\sdk/vexv5\libv5rt.a(vex_motorgroup.cpp.obj)
                0x03803e2c                vex::motor_group::motor_group_motors::motor_group_motors()
                0x03803e2c                vex::motor_group::motor_group_motors::motor_group_motors()
 .text._ZN3vex11motor_groupC2Ev
                0x03803e54       0x1c C:\Program Files (x86)\VEX Robotics\VEXcode V5 Text\sdk/vexv5\libv5rt.a(vex_motorgroup.cpp.obj)
                0x03803e54                vex::motor_group::motor_group()
                0x03803e54                vex::motor_group::motor_group()
 .text._ZN3vex11motor_groupD2Ev
                0x03803e70        0x4 C:\Program Files (x86)\VEX Robotics\VEXcode V5 Text\sdk/vexv5\libv5rt.a(vex_motorgroup.cpp.obj)
                0x03803e70                vex::motor_group::~motor_group()
                0x03803e70                vex::motor_group::~motor_group()
 .text._ZN3vex11motor_group9_addMotorERNS_5motorE
                0x03803e74       0x24 C:\Program Files (x86)\VEX Robotics\VEXcode V5 Text\sdk/vexv5\libv5rt.a(vex_motorgroup.cpp.obj)
                0x03803e74                vex::motor_group::_addMotor(vex::motor&)
 .text._ZN3vex11motor_group11setVelocityEdNS_13velocityUnitsE
                0x03803e98       0x4c C:\Program Files (x86)\VEX Robotics\VEXcode V5 Text\sdk/vexv5\libv5rt.a(vex_motorgroup.cpp.obj)
                0x03803e98                vex::motor_group::setVelocity(double, vex::velocityUnits)
 .text._ZN3vex11motor_group11setRotationEdNS_13rotationUnitsE
                0x03803ee4       0x4c C:\Program Files (x86)\VEX Robotics\VEXcode V5 Text\sdk/vexv5\libv5rt.a(vex_motorgroup.cpp.obj)
                0x03803ee4                vex::motor_group::setRotation(double, vex::rotationUnits)
 .text._ZN3vex11motor_group4spinENS_13directionTypeEdNS_13velocityUnitsE
                0x03803f30       0x54 C:\Program Files (x86)\VEX Robotics\VEXcode V5 Text\sdk/vexv5\libv5rt.a(vex_motorgroup.cpp.obj)
                0x03803f30                vex::motor_group::spin(vex::directionType, double, vex::velocityUnits)
 .text._ZN3vex11motor_group10isSpinningEv
                0x03803f84       0x40 C:\Program Files (x86)\VEX Robotics\VEXcode V5 Text\sdk/vexv5\libv5rt.a(vex_motorgroup.cpp.obj)
                0x03803f84                vex::motor_group::isSpinning()
 .text._ZN3vex11motor_group6isDoneEv
                0x03803fc4       0x14 C:\Program Files (x86)\VEX Robotics\VEXcode V5 Text\sdk/vexv5\libv5rt.a(vex_motorgroup.cpp.obj)
                0x03803fc4                vex::motor_group::isDone()
 .text._ZN3vex11motor_group4stopEv
                0x03803fd8       0x30 C:\Program Files (x86)\VEX Robotics\VEXcode V5 Text\sdk/vexv5\libv5rt.a(vex_motorgroup.cpp.obj)
                0x03803fd8                vex::motor_group::stop()
 .text._ZN3vex11motor_group4stopENS_9brakeTypeE
                0x03804008       0x38 C:\Program Files (x86)\VEX Robotics\VEXcode V5 Text\sdk/vexv5\libv5rt.a(vex_motorgroup.cpp.obj)
                0x03804008                vex::motor_group::stop(vex::brakeType)
 .text._ZN3vex11motor_group20waitForCompletionAllEv
                0x03804040       0x60 C:\Program Files (x86)\VEX Robotics\VEXcode V5 Text\sdk/vexv5\libv5rt.a(vex_motorgroup.cpp.obj)
                0x03804040                vex::motor_group::waitForCompletionAll()
 .text._ZN3vex11motor_group9rotateForENS_13directionTypeEdNS_13rotationUnitsEdNS_13velocityUnitsEb
                0x038040a0       0xa8 C:\Program Files (x86)\VEX Robotics\VEXcode V5 Text\sdk/vexv5\libv5rt.a(vex_motorgroup.cpp.obj)
                0x038040a0                vex::motor_group::rotateFor(vex::directionType, double, vex::rotationUnits, double, vex::velocityUnits, bool)
 .text._ZN3vex11motor_group9rotateForENS_13directionTypeEdNS_13rotationUnitsEb
                0x03804148       0x80 C:\Program Files (x86)\VEX Robotics\VEXcode V5 Text\sdk/vexv5\libv5rt.a(vex_motorgroup.cpp.obj)
                0x03804148                vex::motor_group::rotateFor(vex::directionType, double, vex::rotationUnits, bool)
 .text._ZN3vex10drivetrain8isMovingEv
                0x038041c8       0x24 C:\Program Files (x86)\VEX Robotics\VEXcode V5 Text\sdk/vexv5\libv5rt.a(vex_drivetrain.cpp.obj)
                0x038041c8                vex::drivetrain::isMoving()
 .text._ZN3vex10drivetrainD2Ev
                0x038041ec       0x28 C:\Program Files (x86)\VEX Robotics\VEXcode V5 Text\sdk/vexv5\libv5rt.a(vex_drivetrain.cpp.obj)
                0x038041ec                vex::drivetrain::~drivetrain()
                0x038041ec                vex::drivetrain::~drivetrain()
 .text._ZN3vex10drivetrain16setDriveVelocityEdNS_13velocityUnitsE
                0x03804214       0x54 C:\Program Files (x86)\VEX Robotics\VEXcode V5 Text\sdk/vexv5\libv5rt.a(vex_drivetrain.cpp.obj)
                0x03804214                vex::drivetrain::setDriveVelocity(double, vex::velocityUnits)
 .text._ZN3vex10drivetrain12setGearRatioEd
                0x03804268       0x54 C:\Program Files (x86)\VEX Robotics\VEXcode V5 Text\sdk/vexv5\libv5rt.a(vex_drivetrain.cpp.obj)
                0x03804268                vex::drivetrain::setGearRatio(double)
 .text._ZN3vex10drivetrain10timeoutGetEv
                0x038042bc        0x8 C:\Program Files (x86)\VEX Robotics\VEXcode V5 Text\sdk/vexv5\libv5rt.a(vex_drivetrain.cpp.obj)
                0x038042bc                vex::drivetrain::timeoutGet()
 .text._ZN3vex10drivetrain4turnENS_8turnTypeE
                0x038042c4       0x50 C:\Program Files (x86)\VEX Robotics\VEXcode V5 Text\sdk/vexv5\libv5rt.a(vex_drivetrain.cpp.obj)
                0x038042c4                vex::drivetrain::turn(vex::turnType)
 .text._ZN3vex10drivetrain15setTurnVelocityEdNS_13velocityUnitsE
                0x03804314       0x28 C:\Program Files (x86)\VEX Robotics\VEXcode V5 Text\sdk/vexv5\libv5rt.a(vex_drivetrain.cpp.obj)
                0x03804314                vex::drivetrain::setTurnVelocity(double, vex::velocityUnits)
 .text._ZN3vex10drivetrain4turnENS_8turnTypeEdNS_13velocityUnitsE
                0x0380433c       0x6c C:\Program Files (x86)\VEX Robotics\VEXcode V5 Text\sdk/vexv5\libv5rt.a(vex_drivetrain.cpp.obj)
                0x0380433c                vex::drivetrain::turn(vex::turnType, double, vex::velocityUnits)
 .text._ZN3vex10drivetrain6isDoneEv
                0x038043a8       0x14 C:\Program Files (x86)\VEX Robotics\VEXcode V5 Text\sdk/vexv5\libv5rt.a(vex_drivetrain.cpp.obj)
                0x038043a8                vex::drivetrain::isDone()
 .text._ZN3vex10drivetrain4stopEv
                0x038043bc       0x24 C:\Program Files (x86)\VEX Robotics\VEXcode V5 Text\sdk/vexv5\libv5rt.a(vex_drivetrain.cpp.obj)
                0x038043bc                vex::drivetrain::stop()
 .text._ZN3vex10drivetrain21_waitForCompletionAllEv
                0x038043e0       0x60 C:\Program Files (x86)\VEX Robotics\VEXcode V5 Text\sdk/vexv5\libv5rt.a(vex_drivetrain.cpp.obj)
                0x038043e0                vex::drivetrain::_waitForCompletionAll()
 .text._ZN3vex10drivetrain12distanceToMmEdNS_13distanceUnitsE
                0x03804440       0x38 C:\Program Files (x86)\VEX Robotics\VEXcode V5 Text\sdk/vexv5\libv5rt.a(vex_drivetrain.cpp.obj)
                0x03804440                vex::drivetrain::distanceToMm(double, vex::distanceUnits)
 .text._ZN3vex10drivetrainC2ERNS_11motor_groupES2_dddNS_13distanceUnitsEd
                0x03804478       0xe8 C:\Program Files (x86)\VEX Robotics\VEXcode V5 Text\sdk/vexv5\libv5rt.a(vex_drivetrain.cpp.obj)
                0x03804478                vex::drivetrain::drivetrain(vex::motor_group&, vex::motor_group&, double, double, double, vex::distanceUnits, double)
                0x03804478                vex::drivetrain::drivetrain(vex::motor_group&, vex::motor_group&, double, double, double, vex::distanceUnits, double)
 .text._ZN3vex10drivetrain15_distanceToRevsEdNS_13distanceUnitsE
                0x03804560       0x34 C:\Program Files (x86)\VEX Robotics\VEXcode V5 Text\sdk/vexv5\libv5rt.a(vex_drivetrain.cpp.obj)
                0x03804560                vex::drivetrain::_distanceToRevs(double, vex::distanceUnits)
 .text._ZN3vex10drivetrain8driveForENS_13directionTypeEdNS_13distanceUnitsEb
                0x03804594       0x88 C:\Program Files (x86)\VEX Robotics\VEXcode V5 Text\sdk/vexv5\libv5rt.a(vex_drivetrain.cpp.obj)
                0x03804594                vex::drivetrain::driveFor(vex::directionType, double, vex::distanceUnits, bool)
 *fill*         0x0380461c        0x4 
 .text._ZN3vex10drivetrain12_angleToRevsEdNS_13rotationUnitsE
                0x03804620       0xc0 C:\Program Files (x86)\VEX Robotics\VEXcode V5 Text\sdk/vexv5\libv5rt.a(vex_drivetrain.cpp.obj)
                0x03804620                vex::drivetrain::_angleToRevs(double, vex::rotationUnits)
 .text._ZN3vex10drivetrain7turnForENS_8turnTypeEdNS_13rotationUnitsEb
                0x038046e0       0xbc C:\Program Files (x86)\VEX Robotics\VEXcode V5 Text\sdk/vexv5\libv5rt.a(vex_drivetrain.cpp.obj)
                0x038046e0                vex::drivetrain::turnFor(vex::turnType, double, vex::rotationUnits, bool)
 .text._ZN3vex10drivetrain7turnForEdNS_13rotationUnitsEb
                0x0380479c       0x10 C:\Program Files (x86)\VEX Robotics\VEXcode V5 Text\sdk/vexv5\libv5rt.a(vex_drivetrain.cpp.obj)
                0x0380479c                vex::drivetrain::turnFor(double, vex::rotationUnits, bool)
 .text._ZN3vex10drivetrain7turnForENS_8turnTypeEdNS_13rotationUnitsEdNS_13velocityUnitsEb
                0x038047ac       0xd0 C:\Program Files (x86)\VEX Robotics\VEXcode V5 Text\sdk/vexv5\libv5rt.a(vex_drivetrain.cpp.obj)
                0x038047ac                vex::drivetrain::turnFor(vex::turnType, double, vex::rotationUnits, double, vex::velocityUnits, bool)
 .text._ZN3vex10drivetrain7turnForEdNS_13rotationUnitsEdNS_13velocityUnitsEb
                0x0380487c       0x18 C:\Program Files (x86)\VEX Robotics\VEXcode V5 Text\sdk/vexv5\libv5rt.a(vex_drivetrain.cpp.obj)
                0x0380487c                vex::drivetrain::turnFor(double, vex::rotationUnits, double, vex::velocityUnits, bool)
 .text._ZN3vex10smartdriveC2ERNS_11motor_groupES2_RNS_8inertialEdddNS_13distanceUnitsEd
                0x03804894       0x78 C:\Program Files (x86)\VEX Robotics\VEXcode V5 Text\sdk/vexv5\libv5rt.a(vex_smartdrive.cpp.obj)
                0x03804894                vex::smartdrive::smartdrive(vex::motor_group&, vex::motor_group&, vex::inertial&, double, double, double, vex::distanceUnits, double)
                0x03804894                vex::smartdrive::smartdrive(vex::motor_group&, vex::motor_group&, vex::inertial&, double, double, double, vex::distanceUnits, double)
 .text._ZN3vex10smartdriveD2Ev
                0x0380490c       0x3c C:\Program Files (x86)\VEX Robotics\VEXcode V5 Text\sdk/vexv5\libv5rt.a(vex_smartdrive.cpp.obj)
                0x0380490c                vex::smartdrive::~smartdrive()
                0x0380490c                vex::smartdrive::~smartdrive()
 .text._ZN3vex10smartdrive8rotationENS_13rotationUnitsE
                0x03804948       0x10 C:\Program Files (x86)\VEX Robotics\VEXcode V5 Text\sdk/vexv5\libv5rt.a(vex_smartdrive.cpp.obj)
                0x03804948                vex::smartdrive::rotation(vex::rotationUnits)
 .text._ZN3vex10smartdrive9isTurningEv
                0x03804958       0x14 C:\Program Files (x86)\VEX Robotics\VEXcode V5 Text\sdk/vexv5\libv5rt.a(vex_smartdrive.cpp.obj)
                0x03804958                vex::smartdrive::isTurning()
 .text._ZN3vex10smartdrive8isMovingEv
                0x0380496c        0x4 C:\Program Files (x86)\VEX Robotics\VEXcode V5 Text\sdk/vexv5\libv5rt.a(vex_smartdrive.cpp.obj)
                0x0380496c                vex::smartdrive::isMoving()
 .text._ZN3vex10smartdrive11_initeventsEv
                0x03804970       0x50 C:\Program Files (x86)\VEX Robotics\VEXcode V5 Text\sdk/vexv5\libv5rt.a(vex_smartdrive.cpp.obj)
                0x03804970                vex::smartdrive::_initevents()
 .text._ZN3vex10smartdrive22_testForCompletionGyroEv
                0x038049c0      0x11c C:\Program Files (x86)\VEX Robotics\VEXcode V5 Text\sdk/vexv5\libv5rt.a(vex_smartdrive.cpp.obj)
                0x038049c0                vex::smartdrive::_testForCompletionGyro()
 .text._ZN3vex10smartdrive9_gyrotaskEPv
                0x03804adc       0x7c C:\Program Files (x86)\VEX Robotics\VEXcode V5 Text\sdk/vexv5\libv5rt.a(vex_smartdrive.cpp.obj)
                0x03804adc                vex::smartdrive::_gyrotask(void*)
 .text._ZN3vex10smartdrive22_waitForCompletionGyroEv
                0x03804b58       0x88 C:\Program Files (x86)\VEX Robotics\VEXcode V5 Text\sdk/vexv5\libv5rt.a(vex_smartdrive.cpp.obj)
                0x03804b58                vex::smartdrive::_waitForCompletionGyro()
 .text._ZN3vex10smartdrive7turnForENS_8turnTypeEdNS_13rotationUnitsEdNS_13velocityUnitsEb
                0x03804be0      0x170 C:\Program Files (x86)\VEX Robotics\VEXcode V5 Text\sdk/vexv5\libv5rt.a(vex_smartdrive.cpp.obj)
                0x03804be0                vex::smartdrive::turnFor(vex::turnType, double, vex::rotationUnits, double, vex::velocityUnits, bool)
 .text._ZN3vex10smartdrive7turnForENS_8turnTypeEdNS_13rotationUnitsEb
                0x03804d50       0x34 C:\Program Files (x86)\VEX Robotics\VEXcode V5 Text\sdk/vexv5\libv5rt.a(vex_smartdrive.cpp.obj)
                0x03804d50                vex::smartdrive::turnFor(vex::turnType, double, vex::rotationUnits, bool)
 .text._ZN3vex10smartdrive7turnForEdNS_13rotationUnitsEb
                0x03804d84       0x10 C:\Program Files (x86)\VEX Robotics\VEXcode V5 Text\sdk/vexv5\libv5rt.a(vex_smartdrive.cpp.obj)
                0x03804d84                vex::smartdrive::turnFor(double, vex::rotationUnits, bool)
 .text._ZN3vex10smartdrive7turnForEdNS_13rotationUnitsEdNS_13velocityUnitsEb
                0x03804d94       0x18 C:\Program Files (x86)\VEX Robotics\VEXcode V5 Text\sdk/vexv5\libv5rt.a(vex_smartdrive.cpp.obj)
                0x03804d94                vex::smartdrive::turnFor(double, vex::rotationUnits, double, vex::velocityUnits, bool)
 .text.vexAdiPortConfigSet
                0x03804dac       0x28 C:\Program Files (x86)\VEX Robotics\VEXcode V5 Text\sdk/vexv5\libv5rt.a(v5_apiuser.c.obj)
                0x03804dac                vexAdiPortConfigSet
 .text.vexAdiPortConfigGet
                0x03804dd4       0x28 C:\Program Files (x86)\VEX Robotics\VEXcode V5 Text\sdk/vexv5\libv5rt.a(v5_apiuser.c.obj)
                0x03804dd4                vexAdiPortConfigGet
 .text.vexAdiValueGet
                0x03804dfc       0x20 C:\Program Files (x86)\VEX Robotics\VEXcode V5 Text\sdk/vexv5\libv5rt.a(v5_apiuser.c.obj)
                0x03804dfc                vexAdiValueGet
 .text.vexMotorVelocitySet
                0x03804e1c       0x20 C:\Program Files (x86)\VEX Robotics\VEXcode V5 Text\sdk/vexv5\libv5rt.a(v5_apiuser.c.obj)
                0x03804e1c                vexMotorVelocitySet
 .text.vexMotorActualVelocityGet
                0x03804e3c       0x24 C:\Program Files (x86)\VEX Robotics\VEXcode V5 Text\sdk/vexv5\libv5rt.a(v5_apiuser.c.obj)
                0x03804e3c                vexMotorActualVelocityGet
 .text.vexMotorZeroPositionFlagGet
                0x03804e60       0x18 C:\Program Files (x86)\VEX Robotics\VEXcode V5 Text\sdk/vexv5\libv5rt.a(v5_apiuser.c.obj)
                0x03804e60                vexMotorZeroPositionFlagGet
 .text.vexMotorReverseFlagSet
                0x03804e78       0x20 C:\Program Files (x86)\VEX Robotics\VEXcode V5 Text\sdk/vexv5\libv5rt.a(v5_apiuser.c.obj)
                0x03804e78                vexMotorReverseFlagSet
 .text.vexMotorEncoderUnitsSet
                0x03804e98       0x20 C:\Program Files (x86)\VEX Robotics\VEXcode V5 Text\sdk/vexv5\libv5rt.a(v5_apiuser.c.obj)
                0x03804e98                vexMotorEncoderUnitsSet
 .text.vexMotorBrakeModeSet
                0x03804eb8       0x20 C:\Program Files (x86)\VEX Robotics\VEXcode V5 Text\sdk/vexv5\libv5rt.a(v5_apiuser.c.obj)
                0x03804eb8                vexMotorBrakeModeSet
 .text.vexMotorPositionSet
                0x03804ed8       0x28 C:\Program Files (x86)\VEX Robotics\VEXcode V5 Text\sdk/vexv5\libv5rt.a(v5_apiuser.c.obj)
                0x03804ed8                vexMotorPositionSet
 .text.vexMotorRelativeTargetSet
                0x03804f00       0x30 C:\Program Files (x86)\VEX Robotics\VEXcode V5 Text\sdk/vexv5\libv5rt.a(v5_apiuser.c.obj)
                0x03804f00                vexMotorRelativeTargetSet
 .text.vexMotorGearingSet
                0x03804f30       0x20 C:\Program Files (x86)\VEX Robotics\VEXcode V5 Text\sdk/vexv5\libv5rt.a(v5_apiuser.c.obj)
                0x03804f30                vexMotorGearingSet
 .text.vexMotorGearingGet
                0x03804f50       0x18 C:\Program Files (x86)\VEX Robotics\VEXcode V5 Text\sdk/vexv5\libv5rt.a(v5_apiuser.c.obj)
                0x03804f50                vexMotorGearingGet
 .text.vexImuReset
                0x03804f68       0x10 C:\Program Files (x86)\VEX Robotics\VEXcode V5 Text\sdk/vexv5\libv5rt.a(v5_apiuser.c.obj)
                0x03804f68                vexImuReset
 .text.vexImuHeadingGet
                0x03804f78       0x10 C:\Program Files (x86)\VEX Robotics\VEXcode V5 Text\sdk/vexv5\libv5rt.a(v5_apiuser.c.obj)
                0x03804f78                vexImuHeadingGet
 .text.vexImuDegreesGet
                0x03804f88       0x10 C:\Program Files (x86)\VEX Robotics\VEXcode V5 Text\sdk/vexv5\libv5rt.a(v5_apiuser.c.obj)
                0x03804f88                vexImuDegreesGet
 .text.vexImuStatusGet
                0x03804f98       0x10 C:\Program Files (x86)\VEX Robotics\VEXcode V5 Text\sdk/vexv5\libv5rt.a(v5_apiuser.c.obj)
                0x03804f98                vexImuStatusGet
 .text.vexEventMaskSet
                0x03804fa8       0x28 C:\Program Files (x86)\VEX Robotics\VEXcode V5 Text\sdk/vexv5\libv5rt.a(v5_apiuser.c.obj)
                0x03804fa8                vexEventMaskSet
 .text.vexEventMaskGet
                0x03804fd0       0x18 C:\Program Files (x86)\VEX Robotics\VEXcode V5 Text\sdk/vexv5\libv5rt.a(v5_apiuser.c.obj)
                0x03804fd0                vexEventMaskGet
 .text._ZN3vex6device5valueEv
                0x03804fe8        0x8 C:\Program Files (x86)\VEX Robotics\VEXcode V5 Text\sdk/vexv5\libv5rt.a(vex_device.cpp.obj)
                0x03804fe8                vex::device::value()
 .text._ZN3vex6deviceD2Ev
                0x03804ff0        0x4 C:\Program Files (x86)\VEX Robotics\VEXcode V5 Text\sdk/vexv5\libv5rt.a(vex_device.cpp.obj)
                0x03804ff0                vex::device::~device()
                0x03804ff0                vex::device::~device()
 .text._ZN3vex6device4initEl
                0x03804ff4       0x30 C:\Program Files (x86)\VEX Robotics\VEXcode V5 Text\sdk/vexv5\libv5rt.a(vex_device.cpp.obj)
                0x03804ff4                vex::device::init(long)
 .text._ZN3vex6deviceC2El
                0x03805024       0x20 C:\Program Files (x86)\VEX Robotics\VEXcode V5 Text\sdk/vexv5\libv5rt.a(vex_device.cpp.obj)
                0x03805024                vex::device::device(long)
                0x03805024                vex::device::device(long)
 .text._ZN3vex6device4typeEv
                0x03805044       0x10 C:\Program Files (x86)\VEX Robotics\VEXcode V5 Text\sdk/vexv5\libv5rt.a(vex_device.cpp.obj)
                0x03805044                vex::device::type()
 .text._ZN3vex6device9installedEv
                0x03805054       0x14 C:\Program Files (x86)\VEX Robotics\VEXcode V5 Text\sdk/vexv5\libv5rt.a(vex_device.cpp.obj)
                0x03805054                vex::device::installed()
 .text.__libc_fini_array
                0x03805068       0x30 C:\Program Files (x86)\VEX Robotics\VEXcode V5 Text\sdk/vexv5/gcc/libs\libc.a(lib_a-fini.o)
                0x03805068                __libc_fini_array
 .text.__libc_init_array
                0x03805098       0x58 C:\Program Files (x86)\VEX Robotics\VEXcode V5 Text\sdk/vexv5/gcc/libs\libc.a(lib_a-init.o)
                0x03805098                __libc_init_array
 .text.memcpy   0x038050f0       0xa8 C:\Program Files (x86)\VEX Robotics\VEXcode V5 Text\sdk/vexv5/gcc/libs\libc.a(lib_a-memcpy.o)
                0x038050f0                memcpy
 .text.memcpy.__stub
                0x03805198       0x18 linker stubs
 *(.gnu.linkonce.t.*)
 *(.plt)
 *(.gnu_warning)
 *(.gcc_except_table)
 *(.glue_7)
 .glue_7        0x00000000        0x0 linker stubs
 *(.glue_7t)
 .glue_7t       0x00000000        0x0 linker stubs
 *(.vfp11_veneer)
 .vfp11_veneer  0x00000000        0x0 linker stubs
 *(.ARM.extab)
 *(.gnu.linkonce.armextab.*)

.v4_bx          0x038051b0        0x0
 .v4_bx         0x00000000        0x0 linker stubs

.iplt           0x038051b0        0x0
 .iplt          0x00000000        0x0 build/src/main.o

.init
 *(.init)

.fini
 *(.fini)

.rodata         0x038051b0      0x274
                0x038051b0                __rodata_start = .
 *(.rodata)
 *(.rodata.*)
 .rodata.str1.1
                0x038051b0       0x97 build/src/main.o
                                 0xaa (size before relaxing)
 .rodata.str1.1
                0x03805247       0x2e C:\Program Files (x86)\VEX Robotics\VEXcode V5 Text\sdk/vexv5\libv5rt.a(v5_startup.c.obj)
 *fill*         0x03805275        0x3 
 .rodata._ZN3vex6PORT20E
                0x03805278        0x4 C:\Program Files (x86)\VEX Robotics\VEXcode V5 Text\sdk/vexv5\libv5rt.a(vex_global.cpp.obj)
                0x03805278                vex::PORT20
 .rodata._ZN3vex3fwdE
                0x0380527c        0x4 C:\Program Files (x86)\VEX Robotics\VEXcode V5 Text\sdk/vexv5\libv5rt.a(vex_global.cpp.obj)
                0x0380527c                vex::fwd
 .rodata._ZN3vex6PORT14E
                0x03805280        0x4 C:\Program Files (x86)\VEX Robotics\VEXcode V5 Text\sdk/vexv5\libv5rt.a(vex_global.cpp.obj)
                0x03805280                vex::PORT14
 .rodata._ZN3vex3pctE
                0x03805284        0x4 C:\Program Files (x86)\VEX Robotics\VEXcode V5 Text\sdk/vexv5\libv5rt.a(vex_global.cpp.obj)
                0x03805284                vex::pct
 .rodata._ZN3vex4msecE
                0x03805288        0x4 C:\Program Files (x86)\VEX Robotics\VEXcode V5 Text\sdk/vexv5\libv5rt.a(vex_global.cpp.obj)
                0x03805288                vex::msec
 .rodata._ZN3vex6PORT18E
                0x0380528c        0x4 C:\Program Files (x86)\VEX Robotics\VEXcode V5 Text\sdk/vexv5\libv5rt.a(vex_global.cpp.obj)
                0x0380528c                vex::PORT18
 .rodata._ZN3vex9ratio36_1E
                0x03805290        0x4 C:\Program Files (x86)\VEX Robotics\VEXcode V5 Text\sdk/vexv5\libv5rt.a(vex_global.cpp.obj)
                0x03805290                vex::ratio36_1
 .rodata._ZN3vex6PORT21E
                0x03805294        0x4 C:\Program Files (x86)\VEX Robotics\VEXcode V5 Text\sdk/vexv5\libv5rt.a(vex_global.cpp.obj)
                0x03805294                vex::PORT21
 .rodata._ZN3vex6PORT11E
                0x03805298        0x4 C:\Program Files (x86)\VEX Robotics\VEXcode V5 Text\sdk/vexv5\libv5rt.a(vex_global.cpp.obj)
                0x03805298                vex::PORT11
 .rodata._ZN3vex3degE
                0x0380529c        0x4 C:\Program Files (x86)\VEX Robotics\VEXcode V5 Text\sdk/vexv5\libv5rt.a(vex_global.cpp.obj)
                0x0380529c                vex::deg
 .rodata._ZN3vex6PORT19E
                0x038052a0        0x4 C:\Program Files (x86)\VEX Robotics\VEXcode V5 Text\sdk/vexv5\libv5rt.a(vex_global.cpp.obj)
                0x038052a0                vex::PORT19
 .rodata._ZN3vex6PORT22E
                0x038052a4        0x4 C:\Program Files (x86)\VEX Robotics\VEXcode V5 Text\sdk/vexv5\libv5rt.a(vex_global.cpp.obj)
                0x038052a4                vex::PORT22
 .rodata._ZN3vex4holdE
                0x038052a8        0x4 C:\Program Files (x86)\VEX Robotics\VEXcode V5 Text\sdk/vexv5\libv5rt.a(vex_global.cpp.obj)
                0x038052a8                vex::hold
 .rodata._ZN3vex6PORT12E
                0x038052ac        0x4 C:\Program Files (x86)\VEX Robotics\VEXcode V5 Text\sdk/vexv5\libv5rt.a(vex_global.cpp.obj)
                0x038052ac                vex::PORT12
 .rodata._ZN3vex5brakeE
                0x038052b0        0x4 C:\Program Files (x86)\VEX Robotics\VEXcode V5 Text\sdk/vexv5\libv5rt.a(vex_global.cpp.obj)
                0x038052b0                vex::brake
 .rodata._ZN3vex5coastE
                0x038052b4        0x4 C:\Program Files (x86)\VEX Robotics\VEXcode V5 Text\sdk/vexv5\libv5rt.a(vex_global.cpp.obj)
                0x038052b4                vex::coast
 .rodata._ZN3vex6PORT13E
                0x038052b8        0x4 C:\Program Files (x86)\VEX Robotics\VEXcode V5 Text\sdk/vexv5\libv5rt.a(vex_global.cpp.obj)
                0x038052b8                vex::PORT13
 .rodata._ZN3vex9ratio18_1E
                0x038052bc        0x4 C:\Program Files (x86)\VEX Robotics\VEXcode V5 Text\sdk/vexv5\libv5rt.a(vex_global.cpp.obj)
                0x038052bc                vex::ratio18_1
 .rodata._ZN3vex6PORT17E
                0x038052c0        0x4 C:\Program Files (x86)\VEX Robotics\VEXcode V5 Text\sdk/vexv5\libv5rt.a(vex_global.cpp.obj)
                0x038052c0                vex::PORT17
 *fill*         0x038052c4        0x4 
 .rodata._ZTVN3vex5motorE
                0x038052c8       0x10 C:\Program Files (x86)\VEX Robotics\VEXcode V5 Text\sdk/vexv5\libv5rt.a(vex_motor.cpp.obj)
                0x038052c8                vtable for vex::motor
 .rodata._ZTVN3vex8inertialE
                0x038052d8       0x50 C:\Program Files (x86)\VEX Robotics\VEXcode V5 Text\sdk/vexv5\libv5rt.a(vex_imu.cpp.obj)
                0x038052d8                vtable for vex::inertial
 .rodata.str1.1
                0x03805328       0x15 C:\Program Files (x86)\VEX Robotics\VEXcode V5 Text\sdk/vexv5\libv5rt.a(vex_controller.cpp.obj)
                                 0x16 (size before relaxing)
 .rodata.CSWTCH.15
                0x0380533d        0xb C:\Program Files (x86)\VEX Robotics\VEXcode V5 Text\sdk/vexv5\libv5rt.a(vex_controller.cpp.obj)
 .rodata.CSWTCH.17
                0x03805348        0xb C:\Program Files (x86)\VEX Robotics\VEXcode V5 Text\sdk/vexv5\libv5rt.a(vex_controller.cpp.obj)
 .rodata.CSWTCH.23
                0x03805353        0x3 C:\Program Files (x86)\VEX Robotics\VEXcode V5 Text\sdk/vexv5\libv5rt.a(vex_controller.cpp.obj)
 .rodata.str1.1
                0x03805356       0x14 C:\Program Files (x86)\VEX Robotics\VEXcode V5 Text\sdk/vexv5\libv5rt.a(vex_task.cpp.obj)
 .rodata.str1.1
                0x0380536a       0x2b C:\Program Files (x86)\VEX Robotics\VEXcode V5 Text\sdk/vexv5\libv5rt.a(vex_brain.cpp.obj)
 *fill*         0x03805395        0x3 
 .rodata._ZTVN3vex7triportE
                0x03805398       0x10 C:\Program Files (x86)\VEX Robotics\VEXcode V5 Text\sdk/vexv5\libv5rt.a(vex_triport.cpp.obj)
                0x03805398                vtable for vex::triport
 .rodata.CSWTCH.34
                0x038053a8       0x10 C:\Program Files (x86)\VEX Robotics\VEXcode V5 Text\sdk/vexv5\libv5rt.a(vex_triport.cpp.obj)
 .rodata.CSWTCH.29
                0x038053b8        0xe C:\Program Files (x86)\VEX Robotics\VEXcode V5 Text\sdk/vexv5\libv5rt.a(vex_triport.cpp.obj)
 *fill*         0x038053c6        0x2 
 .rodata._ZTVN3vex10drivetrainE
                0x038053c8       0x1c C:\Program Files (x86)\VEX Robotics\VEXcode V5 Text\sdk/vexv5\libv5rt.a(vex_drivetrain.cpp.obj)
                0x038053c8                vtable for vex::drivetrain
 .rodata.str1.1
                0x038053e4        0xa C:\Program Files (x86)\VEX Robotics\VEXcode V5 Text\sdk/vexv5\libv5rt.a(vex_smartdrive.cpp.obj)
 *fill*         0x038053ee        0x2 
 .rodata._ZTVN3vex10smartdriveE
                0x038053f0       0x1c C:\Program Files (x86)\VEX Robotics\VEXcode V5 Text\sdk/vexv5\libv5rt.a(vex_smartdrive.cpp.obj)
                0x038053f0                vtable for vex::smartdrive
 *fill*         0x0380540c        0x4 
 .rodata._ZTVN3vex6deviceE
                0x03805410       0x10 C:\Program Files (x86)\VEX Robotics\VEXcode V5 Text\sdk/vexv5\libv5rt.a(vex_device.cpp.obj)
                0x03805410                vtable for vex::device
 .rodata.str1.4
                0x03805420        0x4 C:\Program Files (x86)\VEX Robotics\VEXcode V5 Text\sdk/vexv5/gcc/libs\libc.a(lib_a-impure.o)
                                  0x2 (size before relaxing)
 *(.gnu.linkonce.r.*)
                0x03805424                __rodata_end = .

.rodata1        0x03805424        0x0
                0x03805424                __rodata1_start = .
 *(.rodata1)
 *(.rodata1.*)
                0x03805424                __rodata1_end = .

.sdata2         0x03805424        0x0
                0x03805424                __sdata2_start = .
 *(.sdata2)
 *(.sdata2.*)
 *(.gnu.linkonce.s2.*)
                0x03805424                __sdata2_end = .

.sbss2          0x03805424        0x0
                0x03805424                __sbss2_start = .
 *(.sbss2)
 *(.sbss2.*)
 *(.gnu.linkonce.sb2.*)
                0x03805424                __sbss2_end = .

.data           0x03805428      0x43c
                0x03805428                __data_start = .
 *(.data)
 *(.data.*)
 .data.appRunning
                0x03805428        0x4 C:\Program Files (x86)\VEX Robotics\VEXcode V5 Text\sdk/vexv5\libv5rt.a(v5_startup.c.obj)
                0x03805428                appRunning
 .data.__yoff   0x0380542c        0x4 C:\Program Files (x86)\VEX Robotics\VEXcode V5 Text\sdk/vexv5\libv5rt.a(v5_apijump.c.obj)
 .data._ZN3vex24__default_motor_velocityE
                0x03805430        0x4 C:\Program Files (x86)\VEX Robotics\VEXcode V5 Text\sdk/vexv5\libv5rt.a(vex_motor.cpp.obj)
                0x03805430                vex::__default_motor_velocity
 *fill*         0x03805434        0x4 
 .data.impure_data
                0x03805438      0x428 C:\Program Files (x86)\VEX Robotics\VEXcode V5 Text\sdk/vexv5/gcc/libs\libc.a(lib_a-impure.o)
 .data._impure_ptr
                0x03805860        0x4 C:\Program Files (x86)\VEX Robotics\VEXcode V5 Text\sdk/vexv5/gcc/libs\libc.a(lib_a-impure.o)
                0x03805860                _impure_ptr
 *(.gnu.linkonce.d.*)
 *(.jcr)
 *(.got)
 *(.got.plt)
                0x03805864                __data_end = .

.igot.plt       0x03805864        0x0
 .igot.plt      0x00000000        0x0 build/src/main.o

.data1          0x03805864        0x0
                0x03805864                __data1_start = .
 *(.data1)
 *(.data1.*)
                0x03805864                __data1_end = .

.got
 *(.got)

.ctors          0x03805864        0x0
                0x03805864                __CTOR_LIST__ = .
                0x03805864                ___CTORS_LIST___ = .
 *crtbegin.o(.ctors)
 *(EXCLUDE_FILE(*crtend.o) .ctors)
 *(SORT(.ctors.*))
 *(.ctors)
                0x03805864                __CTOR_END__ = .
                0x03805864                ___CTORS_END___ = .

.dtors          0x03805864        0x0
                0x03805864                __DTOR_LIST__ = .
                0x03805864                ___DTORS_LIST___ = .
 *crtbegin.o(.dtors)
 *(EXCLUDE_FILE(*crtend.o) .dtors)
 *(SORT(.dtors.*))
 *(.dtors)
                0x03805864                __DTOR_END__ = .
                0x03805864                ___DTORS_END___ = .

.fixup          0x03805864        0x0
                0x03805864                __fixup_start = .
 *(.fixup)
                0x03805864                __fixup_end = .

.eh_frame
 *(.eh_frame)

.eh_framehdr    0x03805864        0x0
                0x03805864                __eh_framehdr_start = .
 *(.eh_framehdr)
                0x03805864                __eh_framehdr_end = .

.gcc_except_table
 *(.gcc_except_table)

.mmu_tbl        0x03808000        0x0
                0x03808000                __mmu_tbl_start = .
 *(.mmu_tbl)
                0x03808000                __mmu_tbl_end = .

.ARM.exidx      0x03805864        0x8
                0x03805864                __exidx_start = .
 *(.ARM.exidx*)
 .ARM.exidx.text._ZN10ROBOT_BASE9tankDriveEd
                0x03805864        0x8 build/src/main.o
 .ARM.exidx.text._ZN10ROBOT_BASE7RCDriveEd
                0x0380586c        0x0 build/src/main.o
                                  0x8 (size before relaxing)
 .ARM.exidx.text._ZN10ROBOT_BASE5resetEv
                0x0380586c        0x0 build/src/main.o
                                  0x8 (size before relaxing)
 .ARM.exidx.text._ZN9ACCESS_OSC2Ev
                0x0380586c        0x0 build/src/main.o
                                  0x8 (size before relaxing)
 .ARM.exidx.text._ZN9ACCESS_OS13keyPressedRawEv
                0x0380586c        0x0 build/src/main.o
                                  0x8 (size before relaxing)
 .ARM.exidx.text._ZN9ACCESS_OS10keyPressedEv
                0x0380586c        0x0 build/src/main.o
                                  0x8 (size before relaxing)
 .ARM.exidx.text._ZN9ACCESS_OS10currStatusEv
                0x0380586c        0x0 build/src/main.o
                                  0x8 (size before relaxing)
 .ARM.exidx.text._ZN9ACCESS_OS9clearLineEi
                0x0380586c        0x0 build/src/main.o
                                  0x8 (size before relaxing)
 .ARM.exidx.text._ZN9ACCESS_OS5printESsii
                0x0380586c        0x0 build/src/main.o
                                  0x8 (size before relaxing)
 .ARM.exidx.text._ZN9ACCESS_OS8selectorEi
                0x0380586c        0x0 build/src/main.o
                                  0x8 (size before relaxing)
 .ARM.exidx.text._ZN9ACCESS_OS11displayMenuEiPi
                0x0380586c        0x0 build/src/main.o
                                  0x8 (size before relaxing)
 .ARM.exidx.text._ZN9ACCESS_OS15notificationHUDESs
                0x0380586c        0x0 build/src/main.o
                                  0x8 (size before relaxing)
 .ARM.exidx.text._ZN9ACCESS_OS9statusHUDEv
                0x0380586c        0x0 build/src/main.o
                                  0x8 (size before relaxing)
 .ARM.exidx.text._ZN9ACCESS_OS10menuCONFIGEv
                0x0380586c        0x0 build/src/main.o
                                  0x8 (size before relaxing)
 .ARM.exidx.text._ZN9ACCESS_OSD2Ev
                0x0380586c        0x0 build/src/main.o
                                  0x8 (size before relaxing)
 .ARM.exidx.text._Z7flipOutv
                0x0380586c        0x0 build/src/main.o
                                  0x8 (size before relaxing)
 .ARM.exidx.text._Z11deployStackv
                0x0380586c        0x0 build/src/main.o
                                  0x8 (size before relaxing)
 .ARM.exidx.text._Z11driverScorev
                0x0380586c        0x0 build/src/main.o
                                  0x8 (size before relaxing)
 .ARM.exidx.text._Z9pre_autonv
                0x0380586c        0x0 build/src/main.o
                                  0x8 (size before relaxing)
 .ARM.exidx.text._Z10autonomousv
                0x0380586c        0x0 build/src/main.o
                                  0x8 (size before relaxing)
 .ARM.exidx.text._Z11usercontrolv
                0x0380586c        0x0 build/src/main.o
                                  0x8 (size before relaxing)
 .ARM.exidx.text.main
                0x0380586c        0x0 build/src/main.o
                                  0x8 (size before relaxing)
 .ARM.exidx.text._GLOBAL__sub_I_main.cpp
                0x0380586c        0x0 build/src/main.o
                                  0x8 (size before relaxing)
 *(.gnu.linkonce.armexidix.*.*)
                0x0380586c                __exidx_end = .

.rel.dyn        0x0380586c        0x0
 .rel.iplt      0x00000000        0x0 build/src/main.o

.preinit_array  0x0380586c        0x0
                0x0380586c                __preinit_array_start = .
 *(SORT(.preinit_array.*))
 *(.preinit_array)
                0x0380586c                __preinit_array_end = .

.init_array     0x0380586c        0xc
                0x0380586c                __init_array_start = .
 *(SORT(.init_array.*))
 *(.init_array)
 .init_array    0x0380586c        0x4 build/src/main.o
 .init_array    0x03805870        0x4 C:\Program Files (x86)\VEX Robotics\VEXcode V5 Text\sdk/vexv5\libv5rt.a(vex_triport.cpp.obj)
 .init_array    0x03805874        0x4 C:\Program Files (x86)\VEX Robotics\VEXcode V5 Text\sdk/vexv5\libv5rt.a(vex_color.cpp.obj)
                0x03805878                __init_array_end = .

.fini_array     0x03805878        0x0
                0x03805878                __fini_array_start = .
 *(SORT(.fini_array.*))
 *(.fini_array)
                0x03805878                __fini_array_end = .

.ARM.attributes
                0x03805878       0x3a
                0x03805878                __ARM.attributes_start = .
 *(.ARM.attributes)
 .ARM.attributes
                0x03805878       0x3a build/src/main.o
 .ARM.attributes
                0x038058b2       0x35 C:\Program Files (x86)\VEX Robotics\VEXcode V5 Text\sdk/vexv5\libv5rt.a(v5_startup.c.obj)
 .ARM.attributes
                0x038058e7       0x35 C:\Program Files (x86)\VEX Robotics\VEXcode V5 Text\sdk/vexv5\libv5rt.a(v5_util.c.obj)
 .ARM.attributes
                0x0380591c       0x35 C:\Program Files (x86)\VEX Robotics\VEXcode V5 Text\sdk/vexv5\libv5rt.a(v5_apijump.c.obj)
 .ARM.attributes
                0x03805951       0x35 C:\Program Files (x86)\VEX Robotics\VEXcode V5 Text\sdk/vexv5\libv5rt.a(v5_apiversions.c.obj)
 .ARM.attributes
                0x03805986       0x35 C:\Program Files (x86)\VEX Robotics\VEXcode V5 Text\sdk/vexv5\libv5rt.a(vex_global.cpp.obj)
 .ARM.attributes
                0x038059bb       0x35 C:\Program Files (x86)\VEX Robotics\VEXcode V5 Text\sdk/vexv5\libv5rt.a(vex_motor.cpp.obj)
 .ARM.attributes
                0x038059f0       0x35 C:\Program Files (x86)\VEX Robotics\VEXcode V5 Text\sdk/vexv5\libv5rt.a(vex_imu.cpp.obj)
 .ARM.attributes
                0x03805a25       0x35 C:\Program Files (x86)\VEX Robotics\VEXcode V5 Text\sdk/vexv5\libv5rt.a(vex_controller.cpp.obj)
 .ARM.attributes
                0x03805a5a       0x35 C:\Program Files (x86)\VEX Robotics\VEXcode V5 Text\sdk/vexv5\libv5rt.a(vex_task.cpp.obj)
 .ARM.attributes
                0x03805a8f       0x35 C:\Program Files (x86)\VEX Robotics\VEXcode V5 Text\sdk/vexv5\libv5rt.a(vex_thread.cpp.obj)
 .ARM.attributes
                0x03805ac4       0x35 C:\Program Files (x86)\VEX Robotics\VEXcode V5 Text\sdk/vexv5\libv5rt.a(vex_event.cpp.obj)
 .ARM.attributes
                0x03805af9       0x35 C:\Program Files (x86)\VEX Robotics\VEXcode V5 Text\sdk/vexv5\libv5rt.a(vex_mevent.cpp.obj)
 .ARM.attributes
                0x03805b2e       0x35 C:\Program Files (x86)\VEX Robotics\VEXcode V5 Text\sdk/vexv5\libv5rt.a(vex_brain.cpp.obj)
 .ARM.attributes
                0x03805b63       0x35 C:\Program Files (x86)\VEX Robotics\VEXcode V5 Text\sdk/vexv5\libv5rt.a(vex_competition.cpp.obj)
 .ARM.attributes
                0x03805b98       0x35 C:\Program Files (x86)\VEX Robotics\VEXcode V5 Text\sdk/vexv5\libv5rt.a(vex_triport.cpp.obj)
 .ARM.attributes
                0x03805bcd       0x35 C:\Program Files (x86)\VEX Robotics\VEXcode V5 Text\sdk/vexv5\libv5rt.a(vex_color.cpp.obj)
 .ARM.attributes
                0x03805c02       0x35 C:\Program Files (x86)\VEX Robotics\VEXcode V5 Text\sdk/vexv5\libv5rt.a(vex_timer.cpp.obj)
 .ARM.attributes
                0x03805c37       0x35 C:\Program Files (x86)\VEX Robotics\VEXcode V5 Text\sdk/vexv5\libv5rt.a(vex_motorgroup.cpp.obj)
 .ARM.attributes
                0x03805c6c       0x35 C:\Program Files (x86)\VEX Robotics\VEXcode V5 Text\sdk/vexv5\libv5rt.a(vex_drivetrain.cpp.obj)
 .ARM.attributes
                0x03805ca1       0x35 C:\Program Files (x86)\VEX Robotics\VEXcode V5 Text\sdk/vexv5\libv5rt.a(vex_smartdrive.cpp.obj)
 .ARM.attributes
                0x03805cd6       0x35 C:\Program Files (x86)\VEX Robotics\VEXcode V5 Text\sdk/vexv5\libv5rt.a(v5_apiuser.c.obj)
 .ARM.attributes
                0x03805d0b       0x35 C:\Program Files (x86)\VEX Robotics\VEXcode V5 Text\sdk/vexv5\libv5rt.a(vex_device.cpp.obj)
 .ARM.attributes
                0x03805d40       0x2b C:\Program Files (x86)\VEX Robotics\VEXcode V5 Text\sdk/vexv5/gcc/libs\libc.a(lib_a-fini.o)
 .ARM.attributes
                0x03805d6b       0x2b C:\Program Files (x86)\VEX Robotics\VEXcode V5 Text\sdk/vexv5/gcc/libs\libc.a(lib_a-impure.o)
 .ARM.attributes
                0x03805d96       0x2b C:\Program Files (x86)\VEX Robotics\VEXcode V5 Text\sdk/vexv5/gcc/libs\libc.a(lib_a-init.o)
 .ARM.attributes
                0x03805dc1       0x2b C:\Program Files (x86)\VEX Robotics\VEXcode V5 Text\sdk/vexv5/gcc/libs\libc.a(lib_a-memcpy.o)
                0x03805dec                __ARM.attributes_end = .

.sdata          0x03805878        0x0
                0x03805878                __sdata_start = .
 *(.sdata)
 *(.sdata.*)
 *(.gnu.linkonce.s.*)
                0x03805878                __sdata_end = .

.sbss           0x03805878        0x0
                0x03805878                __sbss_start = .
 *(.sbss)
 *(.sbss.*)
 *(.gnu.linkonce.sb.*)
                0x03805878                __sbss_end = .

.tdata          0x03805878        0x0
                0x03805878                __tdata_start = .
 *(.tdata)
 *(.tdata.*)
 *(.gnu.linkonce.td.*)
                0x03805878                __tdata_end = .

.tbss           0x03805878        0x0
                0x03805878                __tbss_start = .
 *(.tbss)
 *(.tbss.*)
 *(.gnu.linkonce.tb.*)
                0x03805878                __tbss_end = .

.bss            0x03805878      0x8e4
                0x03805878                __bss_start = .
 *(.bss)
 *(.bss.*)
 .bss.Brain     0x03805878      0x2bc build/src/main.o
                0x03805878                Brain
 .bss.Controller
                0x03805b34      0x1e0 build/src/main.o
                0x03805b34                Controller
 .bss.Poten     0x03805d14       0x1c build/src/main.o
                0x03805d14                Poten
 .bss.Inertial  0x03805d30       0x30 build/src/main.o
                0x03805d30                Inertial
 .bss.RightFront
                0x03805d60       0x24 build/src/main.o
                0x03805d60                RightFront
 .bss.RightRear
                0x03805d84       0x24 build/src/main.o
                0x03805d84                RightRear
 .bss.LeftRear  0x03805da8       0x24 build/src/main.o
                0x03805da8                LeftRear
 .bss.LeftFront
                0x03805dcc       0x24 build/src/main.o
                0x03805dcc                LeftFront
 .bss.LeftSide  0x03805df0       0x48 build/src/main.o
                0x03805df0                LeftSide
 .bss.RightSide
                0x03805e38       0x48 build/src/main.o
                0x03805e38                RightSide
 .bss.Drivetrain
                0x03805e80       0xf8 build/src/main.o
                0x03805e80                Drivetrain
 .bss.LeftIntake
                0x03805f78       0x24 build/src/main.o
                0x03805f78                LeftIntake
 .bss.RightIntake
                0x03805f9c       0x24 build/src/main.o
                0x03805f9c                RightIntake
 .bss.Intakes   0x03805fc0       0x48 build/src/main.o
                0x03805fc0                Intakes
 .bss.Tilter    0x03806008       0x24 build/src/main.o
                0x03806008                Tilter
 .bss.Bar       0x0380602c       0x24 build/src/main.o
                0x0380602c                Bar
 .bss.Competition
                0x03806050       0x28 build/src/main.o
                0x03806050                Competition
 .bss.OS        0x03806078       0x5c build/src/main.o
                0x03806078                OS
 .bss.tempStatus
                0x038060d4        0x4 build/src/main.o
                0x038060d4                tempStatus
 .bss.__dso_handle
                0x038060d8        0x4 C:\Program Files (x86)\VEX Robotics\VEXcode V5 Text\sdk/vexv5\libv5rt.a(v5_startup.c.obj)
                0x038060d8                __dso_handle
 .bss.lastTime.8647
                0x038060dc        0x4 C:\Program Files (x86)\VEX Robotics\VEXcode V5 Text\sdk/vexv5\libv5rt.a(v5_apijump.c.obj)
 .bss._ZN3vex4task8_labelIdE
                0x038060e0        0x4 C:\Program Files (x86)\VEX Robotics\VEXcode V5 Text\sdk/vexv5\libv5rt.a(vex_task.cpp.obj)